---
source: test/fixtures.rs
expression: output
---
budget: 2000 (2000 tokens)

README.md
     1→# MCPHost SDK
     3→The MCPHost SDK allows you to use MCPHost programmatically from Go applications without spawning OS processes.
     4→
     5→## Installation
     7→```bash
     8→go get github.com/mark3labs/mcphost
     9→```
    10→
    11→## Basic Usage
    13→```go
    14→package main
    15→
    16→import (
    17→    "context"
    18→    "fmt"
    19→    "log"
    20→    
    21→    "github.com/mark3labs/mcphost/sdk"
    22→)
    23→
    24→func main() {
    25→    ctx := context.Background()
    26→    
    27→    // Create MCPHost instance with default configuration
    28→    host, err := sdk.New(ctx, nil)
    29→    if err != nil {
    30→        log.Fatal(err)
    31→    }
    32→    defer host.Close()
    33→    
    34→    // Send a prompt
    35→    response, err := host.Prompt(ctx, "What is 2+2?")
    36→    if err != nil {
    37→        log.Fatal(err)
    38→    }
    39→    
    40→    fmt.Println(response)
    41→}
    42→```
    43→
    44→## Configuration
    46→The SDK behaves identically to the CLI:
    47→- Loads configuration from `~/.mcphost.yml` by default
    48→- Creates default configuration if none exists
    49→- Respects all environment variables (`MCPHOST_*`)
    50→- Uses the same defaults as the CLI
    51→
    52→### Options
    54→You can override specific settings:
    55→
    56→```go
    57→host, err := sdk.New(ctx, &sdk.Options{
    58→    Model:        "ollama:llama3",           // Override model
    59→    SystemPrompt: "You are a helpful bot",   // Override system prompt
      →    …
    67→## Advanced Usage
    69→### With Tool Callbacks
    71→Monitor tool execution in real-time:
    72→
    73→```go
    74→response, err := host.PromptWithCallbacks(
    75→    ctx,
    76→    "List files in the current directory",
      →    …
    93→### Session Management
    95→Maintain conversation context:
    96→
    97→```go
    98→// First message
    99→host.Prompt(ctx, "My name is Alice")
   100→
      →…
   115→## API Reference
   117→### Types
   119→- `MCPHost` - Main SDK type
   120→- `Options` - Configuration options
   121→- `Message` - Conversation message
   122→- `ToolCall` - Tool invocation details
   123→
   124→### Methods
   126→- `New(ctx, opts)` - Create new MCPHost instance
   127→- `Prompt(ctx, message)` - Send message and get response
   128→- `PromptWithCallbacks(ctx, message, ...)` - Send message with progress callbacks
   129→- `LoadSession(path)` - Load session from file
   130→- `SaveSession(path)` - Save session to file
   131→- `ClearSession()` - Clear conversation history
      →…
   136→## Environment Variables
   138→All CLI environment variables work with the SDK:
   139→
   140→- `MCPHOST_MODEL` - Override model
   141→- `ANTHROPIC_API_KEY` - Anthropic API key
   142→- `OPENAI_API_KEY` - OpenAI API key
   143→- `GEMINI_API_KEY` - Google API key
   144→- etc.
   145→
   146→## License
   148→Same as MCPHost CLI

examples/basic/main.go
     3→import …
    11→func main() {
    12→	ctx := context.Background()
    13→
      →…

examples/scripting/main.go
     3→import …
    12→func main() {
    13→	ctx := context.Background()
    14→
    15→	// Create MCPHost with environment variable for API key
      →	…

mcphost.go
     3→import …
    16→// MCPHost provides programmatic access to mcphost functionality, allowing
    17→// integration of MCP tools and LLM interactions into Go applications. It manages
    18→// agents, sessions, and model configurations.
    19→type MCPHost struct {
    20→	agent       *agent.Agent
    21→	sessionMgr  *session.Manager
    22→	modelString string
    23→}
    25→// Options configures MCPHost creation with optional overrides for model,
    26→// prompts, configuration, and behavior settings. All fields are optional
    27→// and will use CLI defaults if not specified.
    28→type Options struct {
    29→	Model        string // Override model (e.g., "anthropic:claude-3-sonnet")
    30→	SystemPrompt string // Override system prompt
    31→	ConfigFile   string // Override config file path
    32→	MaxSteps     int    // Override max steps (0 = use default)
    33→	Streaming    bool   // Enable streaming (default from config)
    34→	Quiet        bool   // Suppress debug output
    35→}
    37→// New creates an MCPHost instance using the same initialization as the CLI.
      →…
    40→func New(ctx context.Context, opts *Options) (*MCPHost, error) {
   127→// Prompt sends a message to the agent and returns the response. The agent may
      →…
   130→func (m *MCPHost) Prompt(ctx context.Context, message string) (string, error) {
   160→// PromptWithCallbacks sends a message with callbacks for monitoring tool execution
      →…
   163→func (m *MCPHost) PromptWithCallbacks(
   164→	ctx context.Context,
   165→	message string,
   166→	onToolCall func(name, args string),
   167→	onToolResult func(name, args, result string, isError bool),
   168→	onStreaming func(chunk string),
   169→) (string, error) {
   199→// GetSessionManager returns the current session manager for direct access
      →…
   201→func (m *MCPHost) GetSessionManager() *session.Manager {
   205→// LoadSession loads a previously saved session from a file, restoring the
      →…
   207→func (m *MCPHost) LoadSession(path string) error {
   216→// SaveSession saves the current session to a file for later restoration.
      →…
   218→func (m *MCPHost) SaveSession(path string) error {
   222→// ClearSession clears the current session history, starting a new conversation
      →…
   224→func (m *MCPHost) ClearSession() {
   228→// GetModelString returns the current model string identifier (e.g.,
      →…
   230→func (m *MCPHost) GetModelString() string {
   234→// Close cleans up resources including MCP server connections and model resources.
      →…
   237→func (m *MCPHost) Close() error {

mcphost_test.go
     3→import …
    11→func TestNew(t *testing.T) {
    30→func TestNewWithOptions(t *testing.T) {
    54→func TestSessionManagement(t *testing.T) {

types.go
     3→import …
     8→// Message is an alias for session.Message providing SDK users with access
     9→// to message structures for conversation history and tool interactions.
    10→type Message = session.Message
    12→// ToolCall is an alias for session.ToolCall representing a tool invocation
    13→// with its name, arguments, and result within a conversation.
    14→type ToolCall = session.ToolCall
    16→// ConvertToSchemaMessage converts an SDK message to the underlying schema message
      →…
    18→func ConvertToSchemaMessage(msg *Message) *schema.Message {
    22→// ConvertFromSchemaMessage converts a schema message from the agent to an SDK
      →…
    24→func ConvertFromSchemaMessage(msg *schema.Message) Message {
