---
source: test/fixtures.rs
expression: output
---
README.md
    55→## Table of Contents
    74→## Installation
   102→## Quickstart
   141→### FastAPI
   171→### FastStream
   201→## Settings
   235→## Service settings
   256→## Instruments
   270→### [Sentry](https://sentry.io/)
   312→### [Prometheus](https://prometheus.io/)
   316→#### FastAPI
   347→#### Litestar
   370→#### FastStream
   394→### [OpenTelemetry](https://opentelemetry.io/)
   436→#### FastStream
   451→### [Pyroscope](https://pyroscope.io)
   463→### Logging
   498→### CORS
   524→### Swagger
   551→#### FastStream AsyncAPI documentation
   563→### Health checks
   586→## Configuration
   592→### Instruments configuration
   639→### Application configuration
   662→> ### Important
   710→### Using microbootstrap without a framework
   746→## Advanced

Justfile

microbootstrap/__init__.py
    26→__all__ …

microbootstrap/console_writer.py
    11→class ConsoleWriter …
    16→    def __post_init__ …
    22→    def write_instrument_status …
    31→    def print_bootstrap_table …

microbootstrap/exceptions.py
     1→class MicroBootstrapBaseError …
     2→    """Base for all exceptions."""
     5→class ConfigMergeError …
     6→    """Raises when it's impossible to merge configs due to type mismatch."""
     9→class MissingInstrumentError …
    10→    """Raises when attempting to configure instrument, that is not supported yet."""

microbootstrap/granian_server.py
    16→GRANIAN_LOG_LEVELS_MAP …
    26→# TODO: create bootstrappers for application servers. granian/uvicorn  # noqa: TD002
    27→def create_granian_server(
    28→    target: str,
    29→    settings: ServerConfig,
    30→    **granian_options: typing.Any,  # noqa: ANN401
    31→) -> GranianServer[typing.Any]:

microbootstrap/helpers.py
    16→VALID_PATH_PATTERN …
    19→def dataclass_to_dict_no_defaults(dataclass_to_convert: "_DataclassT") -> dict[str, typing.Any]:
    35→def merge_pydantic_configs(
    36→    config_to_merge: PydanticConfigT,
    37→    config_with_changes: PydanticConfigT,
    38→) -> PydanticConfigT:
    48→def merge_dataclasses_configs(
    49→    config_to_merge: "_DataclassT",
    50→    config_with_changes: "_DataclassT",
    51→) -> "_DataclassT":
    60→def merge_dict_configs(
    61→    config_dict: dict[str, typing.Any],
    62→    changes_dict: dict[str, typing.Any],
    63→) -> dict[str, typing.Any]:
    96→def is_valid_path(maybe_path: str) -> bool:
   100→def optimize_exclude_paths(
   101→    exclude_endpoints: typing.Iterable[str],
   102→) -> typing.Collection[str]:

microbootstrap/instruments_setupper.py
    19→class InstrumentsSetupper …
    23→    def __init__ …
    28→    def configure_instrument …
    32→    def configure_instruments …
    41→    def use_instrument …
    51→    def setup …
    57→    def teardown …
    62→    def __enter__ …
    65→    def __exit__ …

microbootstrap/py.typed

microbootstrap/settings.py
    24→ENV_PREFIX_VAR_NAME …
    25→ENV_PREFIX …
    28→# TODO: add offline docs and cors support  # noqa: TD002
    29→class BaseServiceSettings …
    53→class ServerConfig …
    60→class LitestarSettings …
    72→    """Settings for a litestar botstrap."""
    75→class FastApiSettings …
    87→    """Settings for a fastapi botstrap."""
    90→class FastStreamSettings …
   100→    """Settings for a faststream bootstrap."""
   105→class InstrumentsSetupperSettings …
   112→    """Settings for a vanilla service."""

microbootstrap/config/__init__.py

microbootstrap/config/fastapi.py
    21→class FastApiConfig …

microbootstrap/config/faststream.py
    21→class FastStreamConfig …

microbootstrap/config/litestar.py
    14→class LitestarConfig …

microbootstrap/middlewares/__init__.py

microbootstrap/middlewares/fastapi.py
    12→def build_fastapi_logging_middleware(
    13→    exclude_endpoints: typing.Iterable[str],
    14→) -> type[BaseHTTPMiddleware]:

microbootstrap/middlewares/litestar.py
    14→def build_litestar_logging_middleware(
    15→    exclude_endpoints: typing.Iterable[str],
    16→) -> type[MiddlewareProtocol]:

microbootstrap/bootstrappers/__init__.py

microbootstrap/bootstrappers/base.py
    17→class DataclassInstance …
    25→class ApplicationBootstrapper …
    31→    def __init__ …
    39→    def configure_application …
    46→    def configure_instrument …
    53→    def configure_instruments …
    62→    def use_instrument …
    72→    def bootstrap …
    99→    def bootstrap_before(self) -> dict[str, typing.Any]:
   103→    def bootstrap_before_instruments_after_app_created(self, application: ApplicationT) -> ApplicationT:
   107→    def bootstrap_after(self, application: ApplicationT) -> ApplicationT:
   111→    def teardown …

microbootstrap/bootstrappers/fastapi.py
    27→class FastApiBootstrapper …
    47→    def bootstrap_before …
    58→class FastApiSwaggerInstrument …
    59→    def bootstrap_before …
    67→    def bootstrap_after …
    74→class FastApiCorsInstrument …
    75→    def bootstrap_after …
    93→class FastApiOpentelemetryInstrument …
    94→    def bootstrap_after …
   104→class FastApiLoggingInstrument …
   105→    def bootstrap_after …
   114→class FastApiPrometheusInstrument …
   115→    def bootstrap_after …
   132→    def get_config_type …
   137→class FastApiHealthChecksInstrument …
   138→    def build_fastapi_health_check_router …
   150→    def bootstrap_after …

microbootstrap/bootstrappers/faststream.py
    28→tracer …
    31→class KwargsAsgiFastStream …
    32→    def __init__ …
    37→class FastStreamBootstrapper …
    41→    def bootstrap_before …
    59→class FastStreamOpentelemetryInstrument …
    60→    def is_ready …
    63→    def bootstrap_after …
    71→    def get_config_type …
    75→faststream_app_logger …
    76→faststream_broker_logger …
    80→class FastStreamLoggingInstrument …
    81→    def bootstrap_before …
    84→    def bootstrap_after …
    91→class FastStreamPrometheusInstrument …
    92→    def is_ready …
    95→    def bootstrap_before …
   105→    def bootstrap_after …
   116→    def get_config_type …
   121→class FastStreamHealthChecksInstrument …
   122→    def bootstrap …
   123→    def bootstrap_before …
   143→    async def define_health_status …
   146→    def bootstrap_after …

microbootstrap/bootstrappers/litestar.py
    48→class LitestarBootstrapper …
    54→    def bootstrap_before …
    63→class LitestarSentryInstrument …
    64→    def bootstrap …
    74→class LitestarSwaggerInstrument …
    75→    def bootstrap_before …
   109→class LitestarCorsInstrument …
   110→    def bootstrap_before …
   127→def build_span_name(method: str, route: str) -> str:
   133→def build_litestar_route_details_from_scope(
   134→    scope: Scope,
   135→) -> tuple[str, dict[str, str]]:
   136→    """Retrieve the span name and attributes from the ASGI scope for Litestar routes.
      →…
   158→class LitestarOpenTelemetryInstrumentationMiddleware …
   159→    def __init__ …
   178→class LitestarOpentelemetryInstrument …
   179→    def bootstrap_before …
   191→class LitestarLoggingInstrument …
   192→    def bootstrap_before …
   200→class LitestarPrometheusInstrument …
   201→    def bootstrap_before …
   218→    def get_config_type …
   223→class LitestarHealthChecksInstrument …
   224→    def build_litestar_health_check_router …
   236→    def bootstrap_before …

microbootstrap/instruments/__init__.py

microbootstrap/instruments/base.py
    19→class BaseInstrumentConfig …
    24→class Instrument …
    29→    def configure_instrument …
    35→    def write_status …
    43→    def is_ready …
    47→    def get_config_type …
    50→    def bootstrap …
    53→    def teardown …
    56→    def bootstrap_before(self) -> dict[str, typing.Any]:
    57→        """Add some framework-related parameters to final bootstrap result before application creation."""
    60→    def bootstrap_after(self, application: ApplicationT) -> ApplicationT:
    61→        """Add some framework-related parameters to final bootstrap result after application creation."""

microbootstrap/instruments/cors_instrument.py
     8→class CorsConfig …
    18→class CorsInstrument …
    22→    def is_ready …
    28→    def get_config_type …

microbootstrap/instruments/health_checks_instrument.py
     8→class HealthCheckTypedDict …
    14→class HealthChecksConfig …
    26→class HealthChecksInstrument …
    30→    def render_health_check_data …
    37→    def is_ready …
    41→    def get_config_type …

microbootstrap/instruments/instrument_box.py
    10→class InstrumentBox …
    14→    def initialize …
    21→    def configure_instrument …
    34→    def extend_instruments(
    35→        self,
    36→        instrument_class: type[Instrument[InstrumentConfigT]],
    37→    ) -> type[Instrument[InstrumentConfigT]]:
    38→        """Extend list of instruments, excluding one whose config is already in use."""
    49→    def instruments …

microbootstrap/instruments/logging_instrument.py
    26→access_logger …
    29→def make_path_with_query_string(scope: ScopeType) -> str:
    36→def fill_log_message(
    37→    log_level: str,
    38→    request: litestar.Request[typing.Any, typing.Any, typing.Any] | fastapi.Request,
    39→    status_code: int,
    40→    start_time: int,
    41→) -> None:
    62→def tracer_injection(_: WrappedLogger, __: str, event_dict: EventDict) -> EventDict:
    76→STRUCTLOG_PRE_CHAIN_PROCESSORS …
    88→def _serialize_log_with_orjson_to_string …
    92→STRUCTLOG_FORMATTER_PROCESSOR …
    97→class MemoryLoggerFactory …
    98→    def __init__ …
   113→    def __call__ …
   127→class LoggingConfig …
   141→    def remove_trailing_slashes_from_logging_exclude_endpoints …
   148→class LoggingInstrument …
   152→    def is_ready …
   155→    def teardown …
   207→    def bootstrap …
   213→    def get_config_type …

microbootstrap/instruments/opentelemetry_instrument.py
    24→LOGGER_OBJ …
    43→class OpenTelemetryInstrumentor …
    48→class OpentelemetryConfig …
    73→class FastStreamTelemetryMiddlewareProtocol …
    74→    def __init__ …
    82→    def __call__ …
    91→class FastStreamOpentelemetryConfig …
    95→def _format_span …
    99→class BaseOpentelemetryInstrument …
   122→    def is_ready …
   129→    def teardown …
   133→    def bootstrap …
   170→class OpentelemetryInstrument …
   171→    def define_exclude_urls …
   182→    def get_config_type …
   186→OTEL_PROFILE_ID_KEY …
   187→PYROSCOPE_SPAN_ID_KEY …
   188→PYROSCOPE_SPAN_NAME_KEY …
   191→def _is_root_span …
   197→class PyroscopeSpanProcessor …
   198→    def on_start(self, span: Span, parent_context: Context | None = None) -> None:  # noqa: ARG002
   207→    def on_end(self, span: ReadableSpan) -> None:
   213→    def force_flush(self, timeout_millis: int = 30000) -> bool:  # noqa: ARG002  # pragma: no cover

microbootstrap/instruments/prometheus_instrument.py
    17→class BasePrometheusConfig …
    24→class LitestarPrometheusConfig …
    28→class FastApiPrometheusConfig …
    36→class FastStreamPrometheusMiddlewareProtocol …
    37→    def __init__ …
    46→    def __call__ …
    55→class FastStreamPrometheusConfig …
    60→class PrometheusInstrument …
    64→    def is_ready …
    70→    def get_config_type …

microbootstrap/instruments/pyroscope_instrument.py
    15→class PyroscopeConfig …
    27→class PyroscopeInstrument …
    31→    def is_ready …
    34→    def teardown …
    37→    def bootstrap …
    53→    def get_config_type …

microbootstrap/instruments/sentry_instrument.py
    15→class SentryConfig …
    31→IGNORED_STRUCTLOG_ATTRIBUTES …
    34→def enrich_sentry_event_from_structlog_log(event: sentry_types.Event, _hint: sentry_types.Hint) -> sentry_types.Event:
    63→SENTRY_EXTRA_OTEL_TRACE_ID_KEY …
    64→SENTRY_EXTRA_OTEL_TRACE_URL_KEY …
    67→def add_trace_url_to_event(
    68→    trace_link_template: str, event: sentry_types.Event, _hint: sentry_types.Hint
    69→) -> sentry_types.Event:
    75→def wrap_before_send_callbacks(*callbacks: sentry_types.EventProcessor | None) -> sentry_types.EventProcessor:
    89→class SentryInstrument …
    93→    def is_ready …
    96→    def bootstrap …
   123→    def get_config_type …

microbootstrap/instruments/swagger_instrument.py
    10→class SwaggerConfig …
    21→class SwaggerInstrument …
    25→    def is_ready …
    29→    def get_config_type …

examples/fastapi_app.py
    13→class Settings …
    19→def create_app() -> fastapi.FastAPI:

examples/faststream_app.py
    17→class Settings …
    20→settings …
    23→def create_app() -> AsgiFastStream:

examples/litestar_app.py
    11→class Settings …
    18→async def hello_world() -> dict[str, str]:
    22→def create_app() -> litestar.Litestar:

logo.svg

package.json
     2→  "name": "microbootstrap-docs",
     3→  "version": "1.0.0",
     4→  "description": "Vuepress documentation for microbootstrap package",
     5→  "license": "MIT",
     6→  "type": "module",
     7→  "scripts": {
     8→    "docs:build": "vuepress build docs",
     9→    "docs:clean-dev": "vuepress dev docs --clean-cache",
    10→    "docs:dev": "vuepress dev docs",
    11→    "docs:update-package": "npx vp-update"
    12→  },
    13→  "devDependencies": {
    14→    "@vuepress/bundler-vite": "^2.0.0-rc.7",
    15→    "@vuepress/theme-default": "^2.0.0-rc.11",
    16→    "vue": "^3.4.0",
    17→    "vuepress": "^2.0.0-rc.7"
    18→  },
    19→  "dependencies": {
    20→    "vuepress-theme-hope": "^2.0.0-rc.52"
    21→  }
    22→}

pyproject.toml
     1→[project]
    62→[project.optional-dependencies]
    77→[dependency-groups]
    93→[build-system]
    94→requires = ["uv_build"]
    95→build-backend = "uv_build"
    96→
   101→[tool.mypy]
   109→[tool.ruff]

tests/__init__.py

tests/conftest.py
    46→class MockSentryTransport …
    47→    def capture_envelope …

tests/bootstrappers/__init__.py

tests/instruments/
