---
source: test/fixtures.rs
expression: output
---
comparator.js
     3→const ANY = Symbol('SemVer ANY')
     5→class Comparator …
     6→  static get ANY () {
    10→  constructor (comp, options) {
    36→  parse (comp) {
    57→  toString () {
    61→  test (version) {
    79→  intersects (comp, options) {
   136→module.exports = Comparator
   138→const parseOptions = require('../internal/parse-options')
   139→const { safeRe: re, t } = require('../internal/re')
   140→const cmp = require('../functions/cmp')
   141→const debug = require('../internal/debug')
   142→const SemVer = require('./semver')
   143→const Range = require('./range')

index.js
     3→module.exports = {
     4→  SemVer: require('./semver.js'),
     5→  Range: require('./range.js'),
     6→  Comparator: require('./comparator.js'),
     7→}

range.js
     3→const SPACE_CHARACTERS = /\s+/g
     6→class Range …
     7→  constructor (range, options) {
    73→  get range () {
    92→  format () {
    96→  toString () {
   100→  parseRange (range) {
   170→  intersects (range, options) {
   193→  test (version) {
   215→module.exports = Range
   217→const LRU = require('../internal/lrucache')
   218→const cache = new LRU()
   220→const parseOptions = require('../internal/parse-options')
   221→const Comparator = require('./comparator')
   222→const debug = require('../internal/debug')
   223→const SemVer = require('./semver')
   224→const {
   225→  safeRe: re,
   226→  t,
   227→  comparatorTrimReplace,
   228→  tildeTrimReplace,
   229→  caretTrimReplace,
   230→} = require('../internal/re')
   231→const { FLAG_INCLUDE_PRERELEASE, FLAG_LOOSE } = require('../internal/constants')
   233→const isNullSet = c => c.value === '<0.0.0-0'
   234→const isAny = c => c.value === ''
   238→const isSatisfiable = (comparators, options) => {
   257→const parseComparator = (comp, options) => {
   271→const isX = id => !id || id.toLowerCase() === 'x' || id === '*'
   280→const replaceTildes = (comp, options) => {
   288→const replaceTilde = (comp, options) => {
   324→const replaceCarets = (comp, options) => {
   332→const replaceCaret = (comp, options) => {
   385→const replaceXRanges = (comp, options) => {
   393→const replaceXRange = (comp, options) => {
   470→const replaceStars = (comp, options) => {
   478→const replaceGTE0 = (comp, options) => {
   491→const hyphenReplace = incPr => ($0,
   523→const testSet = (set, version, options) => {

semver.js
     3→const debug = require('../internal/debug')
     4→const { MAX_LENGTH, MAX_SAFE_INTEGER } = require('../internal/constants')
     5→const { safeRe: re, t } = require('../internal/re')
     7→const parseOptions = require('../internal/parse-options')
     8→const { compareIdentifiers } = require('../internal/identifiers')
     9→class SemVer …
    10→  constructor (version, options) {
    81→  format () {
    89→  toString () {
    93→  compare (other) {
   109→  compareMain (other) {
   135→  comparePre (other) {
   168→  compareBuild (other) {
   194→  inc (release, identifier, identifierBase) {
   333→module.exports = SemVer
