---
source: test/fixtures.rs
expression: output
---
CONTEXT.md
     1→# toasty-codegen Component Context
     3→## Purpose
     4→Generates Rust code from the `#[derive(Model)]` procedural macro. This crate transforms user-defined structs into full-featured ORM models with query builders, CRUD operations, and relationship handling.
     5→
     6→## Key Responsibilities
     8→### Schema Parsing (`src/schema/`)
    15→### Code Expansion (`src/expand/`)
    25→## Common Change Patterns
    27→### Adding a New Model Attribute
    33→### Adding Query Methods
    39→### Supporting New Field Types
    45→## Generated Code Structure
    47→For a model `User`, codegen creates:
    48→```rust
    49→// Core implementations
    50→impl User { /* CRUD methods */ }
    51→impl Model for User { /* trait implementation */ }
    52→impl Relation for User { /* relationship support */ }
    53→impl IntoExpr<User> for User { /* expression conversion */ }
    54→impl IntoSelect for User { /* query conversion */ }
    55→
    56→// Builder structs
    57→struct UserQuery { /* query builder */ }
    58→struct UserCreate { /* insert builder */ }
    59→struct UserUpdate<'a> { /* update builder */ }
    60→struct UserUpdateQuery { /* update query builder */ }
    61→
    62→// Field accessors
    63→struct UserFields;
    64→impl UserFields { /* field path methods */ }
    65→
    66→// Relationship types
    67→struct Many, One, OptionOne, ManyField, OneField;
    68→```
    69→
    70→## Complete Attribute Support
    72→### Model-Level Attributes
    76→### Field-Level Attributes  
    83→### Relationship Attributes
    88→## Important Files
    90→- `lib.rs`: Macro entry point
    91→- `schema/model.rs`: Model parsing logic
    92→- `expand/model.rs`: Main expansion logic
    93→- `expand/util.rs`: Helper functions for code generation
    94→- `schema/ty.rs`: Type system mapping
    95→
    96→## Code Generation Principles
    98→1. **Fully Qualified Paths**: Always use `#toasty::Type` to avoid conflicts
    99→2. **Type Safety**: Generate strongly-typed builders and queries
   100→3. **Zero-Cost**: Generated code should have no runtime overhead
   101→4. **Discoverable API**: Methods should be intuitive and IDE-friendly
   102→
   103→## Key Patterns
   105→### Dynamic Model IDs
   114→### Query Builder Pattern
   123→### Relationship Expansion
   128→## Recent Changes Analysis
   130→From recent commits:
   131→- Switched from const Model::ID to method-based IDs
   132→- Reduced glob imports for clarity
   133→- Removed schema query generation (moved to runtime)
   134→- Simplified field accessor generation
   135→- Added support for more primitive types

Cargo.toml
     1→[package]
     2→name = "toasty-codegen"
     3→version = "0.1.0"
     4→edition = "2021"
     5→
     6→# See more keys and their definitions at https://doc.rust-lang.org/cargo/reference/manifest.html
     7→
     8→[dependencies]
     9→proc-macro2.workspace = true
    10→quote.workspace = true
    11→std-util.workspace = true
    12→syn.workspace = true

src/expand.rs
    13→use crate::schema::Model;
    18→struct Expand …
    29→impl Expand<'_> …
    30→    fn expand(&self) -> TokenStream {
    49→pub(super) fn root_model(model: &Model) -> TokenStream {
    60→pub(super) fn embedded_model(model: &Model) -> TokenStream {
   151→fn wrap_in_const(code: TokenStream) -> TokenStream {

src/lib.rs
     6→pub fn generate_model(input: TokenStream) -> syn::Result<TokenStream> {
    13→pub fn generate_embed(input: TokenStream) -> syn::Result<TokenStream> {

src/schema.rs

src/expand/create.rs
     7→impl Expand<'_> …
     8→    pub(super) fn expand_create_builder(&self) -> TokenStream {

src/expand/fields.rs
     6→impl Expand<'_> …
     7→    pub(super) fn expand_field_struct(&self) -> TokenStream {
    88→    pub(super) fn expand_model_field_struct_init(&self) -> TokenStream {
   113→    pub(super) fn expand_field_name_to_id(&self) -> TokenStream {

src/expand/filters.rs
    10→pub(super) struct Filter …
    36→struct BuildModelFilters …
    37→    model: &'a Model,
    38→    filters: HashMap<Vec<usize>, Filter>,
    39→}
    41→impl Expand<'_> …
    42→    pub(super) fn expand_model_filter_methods(&self) -> TokenStream {
   169→    pub(super) fn expand_query_filter_methods(&self) -> TokenStream {
   191→    pub(super) fn expand_relation_filter_methods(&self) -> TokenStream {
   307→    pub(super) fn expand_filter_arg_idents<'b>(
   308→        &'b self,
   309→        filter: &'b Filter,
   310→    ) -> impl Iterator<Item = TokenStream> + 'b {
   317→    pub(super) fn primary_key_filter(&self) -> &Filter {
   329→impl Filter …
   330→    pub(super) fn build_model_filters(model: &Model) -> Vec<Self> {
   339→impl<'a> BuildModelFilters<'a> …

src/expand/model.rs
     7→impl Expand<'_> …
     8→    pub(super) fn expand_model_impls(&self) -> TokenStream {
   155→    pub(super) fn expand_embedded_model_impls(&self) -> TokenStream {
   166→    pub(super) fn expand_model_into_select_body(&self, by_ref: bool) -> TokenStream {
   180→    pub(super) fn expand_model_into_expr_body(&self, by_ref: bool) -> TokenStream {
   236→    pub(super) fn expand_embedded_into_expr_body(&self, by_ref: bool) -> TokenStream {
   275→    /// Generates the body for loading a model or embedded type from a Value.
   276→    ///
   277→    /// This method is used by both:
   278→    /// - Root models (in `Model::load`) - supports all field types
   279→    /// - Embedded types (in `Primitive::load`) - only primitive fields
   280→    ///
   281→    /// The generated code pattern matches on `Value::Record`, extracts fields,
   282→    /// and constructs the struct.
   283→    pub(super) fn expand_load_body(&self) -> TokenStream {
   320→    /// Generate the body of the `reload` method for an embedded model's `Primitive` impl.
   321→    ///
   322→    /// Handles `SparseRecord` values (partial updates) by reloading only the specified
   323→    /// sub-fields, and falls back to full `load` for complete record values.
   324→    pub(super) fn expand_embedded_reload_body(&self) -> TokenStream {

src/expand/query.rs
     7→impl Expand<'_> …
     8→    pub(super) fn expand_query_struct(&self) -> TokenStream {

src/expand/relation.rs
     7→impl Expand<'_> …
     8→    pub(super) fn expand_relation_structs(&self) -> TokenStream {
   186→    pub(super) fn expand_model_relation_methods(&self) -> TokenStream {

src/expand/schema.rs
     7→impl Expand<'_> …
     8→    pub(super) fn expand_model_schema(&self) -> TokenStream {
   284→fn expand_name(toasty: &TokenStream, name: &Name) -> TokenStream {

src/expand/update.rs
     7→impl Expand<'_> …
     8→    /// Generate update builder for embedded structs
     9→    pub(super) fn expand_embedded_update_builder(&self) -> TokenStream {
    27→    /// Expand all update methods for all fields.
      →…
    31→    fn expand_update_field_methods(&self, is_embedded: bool) -> TokenStream {
   144→    pub(super) fn expand_update_builder(&self) -> TokenStream {
   203→    /// Generate match arms for reloading each model field from a sparse record value.
   204→    fn expand_reload_match_arms(&self) -> TokenStream {
   225→    /// Generate the body of the `reload` method for a root model.
   226→    pub(super) fn expand_reload_method(&self) -> TokenStream {

src/expand/util.rs
     3→pub(crate) fn int(v: usize) -> TokenStream {
     8→/// Creates a new identifier prefixed with `__toasty_` to avoid name collisions
     9→/// with user-defined types in generated code (e.g., generic type parameters).
    10→pub(crate) fn ident(name: &str) -> syn::Ident {
    11→    quote::format_ident!("__toasty_{name}")
    12→}

src/schema/auto.rs
     2→pub enum AutoStrategy …
     3→    Unspecified,
     4→    Uuid(UuidVersion),
     5→    Increment,
     6→}
     9→pub enum UuidVersion …
    10→    V4,
    11→    V7,
    12→}
    14→impl AutoStrategy …
    15→    pub(super) fn from_ast(attr: &syn::Attribute) -> syn::Result<Self> {
    31→impl syn::parse::Parse for AutoStrategy …
    32→    fn parse(input: syn::parse::ParseStream) -> syn::Result<Self> {
    48→impl syn::parse::Parse for UuidVersion …
    49→    fn parse(input: syn::parse::ParseStream) -> syn::Result<Self> {

src/schema/belongs_to.rs
     1→use super::ForeignKeyField;
     4→pub(crate) struct BelongsTo …
    12→impl BelongsTo …
    13→    pub(super) fn from_ast(
    14→        attr: &syn::Attribute,
    15→        ty: &syn::Type,
    16→        names: &[syn::Ident],
    17→    ) -> syn::Result<Self> {

src/schema/column.rs
     5→pub(crate) struct Column …
    10→impl Column …
    11→    pub(super) fn from_ast(attr: &syn::Attribute) -> syn::Result<Column> {
    16→impl syn::parse::Parse for Column …
    17→    fn parse(input: syn::parse::ParseStream) -> syn::Result<Self> {
    89→pub enum ColumnType …
    90→    Boolean,
    91→    Integer(u8),
    92→    UnsignedInteger(u8),
    93→    Text,
    94→    VarChar(u64),
    95→    Numeric(Option<(u32, u32)>),
    96→    Binary(u64),
    97→    Blob,
    98→    Timestamp(u8),
    99→    Date,
   100→    Time(u8),
   101→    DateTime(u8),
   102→    Custom(syn::LitStr),
   103→}
   105→impl syn::parse::Parse for ColumnType …
   106→    fn parse(input: syn::parse::ParseStream) -> syn::Result<Self> {
   179→impl ColumnType …
   180→    /// Expand to a fully qualified `#toasty::schema::db::Type::...` token stream.
   181→    pub(crate) fn expand_with(
   182→        &self,
   183→        toasty: &proc_macro2::TokenStream,
   184→    ) -> proc_macro2::TokenStream {

src/schema/error.rs
     2→pub(crate) struct ErrorSet …
     6→impl ErrorSet …
     7→    pub(crate) fn new() -> Self {
    11→    pub(crate) fn push(&mut self, err: syn::Error) {
    15→    pub(crate) fn collect(self) -> Option<syn::Error> {

src/schema/field.rs
     1→use crate::schema::AutoStrategy;
     3→use super::{BelongsTo, Column, ErrorSet, HasMany, HasOne, Name};
     8→pub(crate) struct Field …
    29→pub(crate) struct FieldAttr …
    47→pub(crate) enum FieldTy …
    48→    Primitive(syn::Type),
    49→    BelongsTo(BelongsTo),
    50→    HasMany(HasMany),
    51→    HasOne(HasOne),
    52→}
    54→impl FieldTy …
    55→    pub(crate) fn is_relation(&self) -> bool {
    63→impl Field …
    64→    pub(super) fn from_ast(
    65→        field: &syn::Field,
    66→        model_ident: &syn::Ident,
    67→        id: usize,
    68→        names: &[syn::Ident],
    69→    ) -> syn::Result<Self> {
   207→fn rewrite_self(ty: &mut syn::Type, model: &syn::Ident) {

src/schema/fk.rs
     2→pub(crate) struct ForeignKeyField …

src/schema/has_many.rs
     1→use super::Name;
     4→pub(crate) struct HasMany …
    20→impl HasMany …
    21→    pub(super) fn from_ast(
    22→        attr: &syn::Attribute,
    23→        name: &syn::Ident,
    24→        ty: &syn::Type,
    25→        span: proc_macro2::Span,
    26→    ) -> syn::Result<Self> {

src/schema/has_one.rs
     2→pub(crate) struct HasOne …
     9→impl HasOne …
    10→    pub(super) fn from_ast(ty: &syn::Type, span: proc_macro2::Span) -> syn::Result<Self> {

src/schema/index.rs
     2→pub(crate) struct Index …
    14→pub(crate) struct IndexField …
    23→pub(crate) enum IndexScope …
    24→    /// The index column is used to partition rows across nodes of a distributed database.
    25→    Partition,
    26→
    27→    /// The index column is scoped to a physical node.
    28→    Local,
    29→}

src/schema/key_attr.rs
     2→pub(crate) struct KeyAttr …
     7→impl KeyAttr …
     8→    pub(super) fn from_ast(attr: &syn::Attribute, names: &[syn::Ident]) -> syn::Result<Self> {

src/schema/model.rs
     1→use super::{ErrorSet, Field, Index, IndexField, IndexScope, ModelAttr, Name, PrimaryKey};
     4→pub(crate) enum ModelKind …
     5→    /// Root model with table, primary key, and query builders
     6→    Root(ModelRoot),
     7→    /// Embedded model that is flattened into parent
     8→    Embedded(ModelEmbedded),
     9→}
    11→impl ModelKind …
    12→    pub(crate) fn expect_root(&self) -> &ModelRoot {
    19→    pub(crate) fn expect_embedded(&self) -> &ModelEmbedded {
    28→pub(crate) struct ModelRoot …
    46→pub(crate) struct ModelEmbedded …
    55→pub(crate) struct Model …
    78→impl Model …
    79→    pub(crate) fn from_ast(ast: &syn::ItemStruct, is_embedded: bool) -> syn::Result<Self> {
   235→    pub fn primary_key_fields(&self) -> Option<impl ExactSizeIterator<Item = &'_ Field>> {
   247→    pub(crate) fn has_associations(&self) -> bool {
   252→fn struct_ident(suffix: &str, model: &syn::ItemStruct) -> syn::Ident {

src/schema/model_attr.rs
     1→use super::{ErrorSet, KeyAttr};
     4→pub(crate) struct ModelAttr …
    12→impl ModelAttr …
    13→    pub(super) fn populate_from_ast(
    14→        &mut self,
    15→        attrs: &Vec<syn::Attribute>,
    16→        names: &[syn::Ident],
    17→    ) -> syn::Result<()> {

src/schema/name.rs
     5→pub(crate) struct Name …
    13→impl Name …
    14→    pub(crate) fn from_ident(ident: &syn::Ident) -> Self {
    18→    pub(crate) fn from_str(src: &str, span: Span) -> Self {

src/schema/pk.rs
     2→pub(crate) struct PrimaryKey …
