---
source: test/fixtures.rs
expression: output
---
budget: 2000 (2019 tokens)

CHANGELOG.md

README.md
     5→# Tomli
     7→> A lil' TOML parser
     8→
     9→**Table of Contents** *generated with [mdformat-toc](https://github.com/hukkin/mdformat-toc)*
    10→
    11→<!-- mdformat-toc start --slug=github --maxlevel=6 --minlevel=2 -->
    12→
    13→- [Intro](#intro)
    14→- [Installation](#installation)
    15→- [Usage](#usage)
      →…
    32→## Intro<a name="intro"></a>
    50→## Installation<a name="installation"></a>
    56→## Usage<a name="usage"></a>
   152→## FAQ<a name="faq"></a>
   201→## Performance<a name="performance"></a>

benchmark/README.md
     1→# Benchmark
    10→## Running

benchmark/run.py
    15→def benchmark …
    37→def run …

fuzzer/fuzz.py
     1→import atheris
     4→    from math import isnan
     5→    import sys
     6→    import warnings
     8→    import tomli_w
    10→    import tomli
    20→def test_one_input(input_bytes: bytes) -> None:
    53→def print_err(data):
    59→def normalize_toml_obj(toml_obj: dict) -> None:
    60→    """Make NaNs equal when compared (without using recursion)."""
    71→def main():

profiler/profiler_script.py
     8→from pathlib import Path
    10→import tomli

pyproject.toml
     1→[build-system]
     5→[project]
    28→[project.urls]

scripts/use_setuptools.py
    12→def use_setuptools() -> None:

src/tomli/__init__.py
     1→# SPDX-License-Identifier: MIT
     2→# SPDX-FileCopyrightText: 2021 Taneli Hukkinen
     3→# Licensed to PSF under a Contributor Agreement.
     5→__all__ = ("loads", "load", "TOMLDecodeError")
     6→__version__ = "2.4.0"  # DO NOT EDIT THIS LINE MANUALLY. LET bump2version UTILITY DO IT
     8→from ._parser import TOMLDecodeError, load, loads

src/tomli/_parser.py
     7→import sys …
     8→from types …
    10→from ._re …
    19→TYPE_CHECKING = False
    21→    from collections.abc …
    22→    from typing …
    24→    from ._types …
    26→# Inline tables/arrays are implemented using recursion. Pathologically
      →…
    35→MAX_INLINE_NESTING: Final = sys.getrecursionlimit()
    37→ASCII_CTRL: Final = frozenset(chr(i) for i in range(32)) | frozenset(chr(127))
    39→# Neither of these sets include quotation mark or backslash. They are
      →…
    41→ILLEGAL_BASIC_STR_CHARS: Final = ASCII_CTRL - frozenset("\t")
    42→ILLEGAL_MULTILINE_BASIC_STR_CHARS: Final = ASCII_CTRL - frozenset("\t\n")
    44→ILLEGAL_LITERAL_STR_CHARS: Final = ILLEGAL_BASIC_STR_CHARS
    45→ILLEGAL_MULTILINE_LITERAL_STR_CHARS: Final = ILLEGAL_MULTILINE_BASIC_STR_CHARS
    47→ILLEGAL_COMMENT_CHARS: Final = ILLEGAL_BASIC_STR_CHARS
    49→TOML_WS: Final = frozenset(" \t")
    50→TOML_WS_AND_NEWLINE: Final = TOML_WS | frozenset("\n")
    51→BARE_KEY_CHARS: Final = frozenset(
    54→KEY_INITIAL_CHARS: Final = BARE_KEY_CHARS | frozenset("\"'")
    55→HEXDIGIT_CHARS: Final = frozenset("abcdef" "ABCDEF" "0123456789")
    57→BASIC_STR_ESCAPE_REPLACEMENTS: Final = MappingProxyType(
    71→class DEPRECATED_DEFAULT:
    76→class TOMLDecodeError(ValueError):
    86→
    87→    def __init__ …
   137→def load …
   149→def loads …
   220→class Flags:
   222→
   223→    # Marks an immutable namespace (inline array or inline table).
   224→    FROZEN: Final = 0
   225→    # Marks a nest that has been explicitly created and can no longer
   226→    # be opened using the "[table]" syntax.
   227→    EXPLICIT_NEST: Final = 1
   228→
   229→    def __init__ …
   233→    def add_pending …
   236→    def finalize_pending …
   241→    def unset_all …
   249→    def set …
   260→    def is_ …
   278→class NestedDict:
   279→    def __init__ …
   283→    def get_or_create_nest …
   300→    def append_nest_to_list …
   312→class Output:
   313→    def __init__ …
   318→def skip_chars …
   327→def skip_until …
   349→def skip_comment …
   361→def skip_comments_and_array_ws …
   370→def create_dict_rule …
   390→def create_list_rule …
   413→def key_value_rule …
   447→def parse_key_value_pair …
   463→def parse_key …
   481→def parse_key_part …
   497→def parse_one_line_basic_str …
   502→def parse_array …
   528→def parse_inline_table …
   564→def parse_basic_str_escape …
   595→def parse_basic_str_escape_multiline …
   599→def parse_hex_char …
   612→def parse_literal_str …
   621→def parse_multiline_str …
   652→def parse_basic_str …
   684→def parse_value …
   760→def is_unicode_scalar_value …
   764→def make_safe_parse_float …

src/tomli/_re.py
     7→from datetime …
     8→from functools …
     9→import re …
    11→TYPE_CHECKING = False
    13→    from typing …
    15→    from ._types import ParseFloat
    17→_TIME_RE_STR: Final = r"""
    26→RE_NUMBER: Final = re.compile(
    27→    r"""
      →    …
    45→RE_LOCALTIME: Final = re.compile(_TIME_RE_STR, flags=re.VERBOSE)
    46→RE_DATETIME: Final = re.compile(
    47→    rf"""
      →    …
    59→def match_to_datetime(match: re.Match[str]) -> datetime | date:
    60→    """Convert a `RE_DATETIME` match to `datetime.datetime` or `datetime.date`.
    61→
      →…
    95→# No need to limit cache size. This is only ever called on input
    96→# that matched RE_DATETIME, so there is an implicit bound of
    97→# 24 (hours) * 60 (minutes) * 2 (offset direction) = 2880.
    98→@lru_cache(maxsize=None)
    99→def cached_tz(hour_str: str, minute_str: str, sign_str: str) -> timezone:
   100→    sign = 1 if sign_str == "+" else -1
   101→    return timezone(
   102→        timedelta(
      →        …
   109→def match_to_localtime(match: re.Match[str]) -> time:
   116→def match_to_number(match: re.Match[str], parse_float: ParseFloat) -> Any:

src/tomli/_types.py
     5→from typing …

tests/__init__.py
     5→__all__ = ("tomllib",)

tests/burntsushi.py
    11→def convert(obj):
    42→def normalize(obj: Any) -> Any:

tests/test_data.py
     5→import json
    27→class TestData(unittest.TestCase):
    28→    def test_invalid(self):
    40→    def test_valid(self):

tests/test_error.py
    13→class TestError(unittest.TestCase):

tomllib.md
     1→# `tomllib` – Tomli in the standard library
     3→Tomli was added to the Python standard library in Python 3.11.
     4→
     5→Relevant links:
     6→
      →…
    13→## Converting Tomli to tomllib
    15→### Sync status
    20→### Steps to convert
