---
source: test/fixtures.rs
expression: output
---
README.md
     1→# k(r)ep - A high-performance string search utility
    13→## The Story Behind the Name
    19→## Key Features
    36→## What's New in v2.2.0
    42→## Installation
    44→### Using Homebrew (macOS)
    52→### Building from Source
    69→### Requirements
    75→### Build Options
    84→## Usage
    96→## Usage Examples
   134→## Command Line Options
   155→## Performance Benchmarks
   180→## How Krep Works
   182→Krep achieves its high performance through several key techniques:
   183→
   184→### 1. Smart Algorithm Selection
   197→### 2. Multi-threading Architecture
   207→### 3. Memory-Mapped I/O
   216→### 4. Optimized Data Structures
   222→### 5. Skipping Non-Relevant Content

aho_corasick.h
    15→typedef struct search_params search_params_t …
    20→typedef struct match_result_t match_result_t …
    27→typedef struct ac_trie ac_trie_t …
    29→// Build the Aho-Corasick Trie from search parameters
    30→ac_trie_t *ac_trie_build(const search_params_t *params);
    32→// Free the Aho-Corasick Trie
    33→void ac_trie_free(ac_trie_t *trie);
    35→// Check if the root node of the trie has any outputs (for empty pattern matching)
    36→bool ac_trie_root_has_outputs(const ac_trie_t *trie);
    38→// Aho-Corasick search function declaration
    39→uint64_t aho_corasick_search(const search_params_t *params, const char *text_start, size_t text_len, match_result_t *result);

krep.h
    23→typedef struct ac_trie ac_trie_t …
    27→#define KREP_UNUSED __attribute__((unused))
    32→/* --- ANSI Color Codes --- */
    33→// Define colors consistently
    34→#define KREP_COLOR_RESET "\033[0m"
    35→#define KREP_COLOR_FILENAME "\033[1;38;5;81m"   // Bright cyan
    36→#define KREP_COLOR_SEPARATOR "\033[38;5;244m"   // Muted gray
    37→#define KREP_COLOR_LINE_NUMBER "\033[1;38;5;111m" // Soft mint
    38→#define KREP_COLOR_MATCH "\033[1;38;5;222m"     // Warm amber
    39→#define KREP_COLOR_TEXT "\033[38;5;252m"        // Soft white
    41→/* --- Help UI Colors --- */
    42→#define KREP_COLOR_HELP_TITLE "\033[1;38;5;81m"
    43→#define KREP_COLOR_HELP_SECTION "\033[1;38;5;222m"
    44→#define KREP_COLOR_HELP_OPTION "\033[1;38;5;117m"
    45→#define KREP_COLOR_HELP_MUTED "\033[38;5;244m"
    47→/* --- Match tracking structure --- */
    48→// Define match_position_t BEFORE match_result_t
    49→typedef struct
      →…
    53→} match_position_t;
    55→typedef struct match_result_t // Add the struct tag here …
    64→// Parameters shared across search functions and threads
    65→typedef struct search_params …
    96→/* --- Function Pointer Type for Search Algorithms --- */
    97→// Returns count (lines or matches depending on mode). result can be NULL unless track_positions is true.
    98→typedef uint64_t (*search_func_t)(const search_params_t *params …
   103→// Data passed to each search thread
   104→typedef struct
      →…
   122→} thread_data_t;
   124→/* --- Thread Pool Implementation --- */
   125→typedef struct task …
   132→typedef struct
      →…
   143→} thread_pool_t;
   145→/* --- Thread Pool API --- */
   146→thread_pool_t *thread_pool_init(int num_threads);
   147→bool thread_pool_submit(thread_pool_t *pool, void *(*func)(void *), void *arg);
   148→void thread_pool_wait_all(thread_pool_t *pool);
   149→void thread_pool_destroy(thread_pool_t *pool);
   154→ * @brief Searches a single file for the given pattern(s). Handles multithreading.
      →…
   161→int search_file(const search_params_t *params, const char *filename, int requested_thread_count);
   164→ * @brief Searches a string in memory for the given pattern(s) (single-threaded).
      →…
   170→int search_string(const search_params_t *params, const char *text);
   173→ * @brief Recursively searches a directory for the given pattern(s).
      →…
   180→int search_directory_recursive(const char *base_dir, const search_params_t *params, int thread_count);
   182→/* --- Match result management functions --- */
   183→match_result_t *match_result_init(uint64_t initial_capacity);
   184→bool match_result_add(match_result_t *result, size_t start_offset, size_t end_offset);
   185→void match_result_free(match_result_t *result);
   186→bool match_result_merge(match_result_t *dest, const match_result_t *src, size_t chunk_offset);
   189→ * @brief Prints matching lines or parts based on the provided results and parameters.
      →…
   200→size_t print_matching_items(const char *filename, const char *text, size_t text_len, const match_result_t *result, const search_params_t *params);
   202→// Print usage information
   203→void print_usage(const char *program_name);
   205→/* --- Internal Search Algorithm Declarations (Updated Signature) --- */
   207→uint64_t boyer_moore_search(const search_params_t *params, const char *text_start, size_t text_len, match_result_t *result);
   208→uint64_t kmp_search(const search_params_t *params, const char *text_start, size_t text_len, match_result_t *result);
   209→uint64_t regex_search(const search_params_t *params, const char *text_start, size_t text_len, match_result_t *result);
   210→uint64_t memchr_search(const search_params_t *params, const char *text_start, size_t text_len, match_result_t *result);
   211→uint64_t memchr_short_search(const search_params_t *params, const char *text_start, size_t text_len, match_result_t *result); // New function for short patterns
   215→uint64_t simd_sse42_search(const search_params_t *params, const char *text_start, size_t text_len, match_result_t *result);
   219→uint64_t simd_avx2_search(const search_params_t *params, const char *text_start, size_t text_len, match_result_t *result);
   223→uint64_t simd_avx512_search(const search_params_t *params, const char *text_start, size_t text_len, match_result_t *result);
   227→uint64_t neon_search(const search_params_t *params, const char *text_start, size_t text_len, match_result_t *result);
   230→/* --- Helper Functions --- */
   231→bool memory_equals_case_insensitive(const unsigned char *s1, const unsigned char *s2, size_t n);
   232→void prepare_bad_char_table(const unsigned char *pattern, size_t pattern_len, int *bad_char_table, bool case_sensitive);
   233→search_func_t select_search_algorithm(const search_params_t *params);
   234→const char *get_algorithm_name(search_func_t func);
   271→ * @brief Find the start of the line containing the given position.
      →…
   278→size_t find_line_start(const char *text, size_t max_len, size_t pos);
   281→ * @brief Find the end of the line containing the given position.
      →…
   288→size_t find_line_end(const char *text, size_t text_len, size_t pos);
   298→static inline bool is_word_char(char c)
   299→{
   312→static inline bool is_whole_word_match(const char *text, size_t text_len, size_t start, size_t end)
   313→{

test/test_krep.h
    16→#define TESTING
    33→uint64_t regex_search_test_positions …
    39→void test_basic_regex …
    62→search_params_t create_literal_params …
    75→search_params_t create_regex_params …
    84→void cleanup_params …
