---
source: test/fixtures.rs
expression: output
---
budget: 4000 (4003 tokens)

readme.md
    20→## Benefits over plain `fetch`
    22→- Simpler API
    23→- Method shortcuts (`ky.post()`)
    24→- Treats non-2xx status codes as errors (after redirects)
    25→- Retries failed requests
    26→- JSON option
    27→- Timeout support
    28→- URL prefix option
    29→- Instances with custom defaults
    30→- Hooks
    31→- TypeScript niceties (e.g. `.json()` supports generics and defaults to `unknown`, not `any`)
    32→
    33→## Install
    35→```sh
    36→npm install ky
    37→```
    38→
    45→## Usage
    47→```js
    48→import ky from 'ky';
    49→
    50→const json = await ky.post('https://example.com', {json: {foo: true}}).json();
    51→
    52→console.log(json);
    53→//=> {data: '🦄'}
    54→```
    55→
    56→With plain `fetch`, it would be:
    57→
    58→```js
    59→class HTTPError extends Error {}
    60→
    61→const response = await fetch('https://example.com', {
    62→	method: 'POST',
      →	…
    85→## API
  1050→## Tips
  1292→## FAQ
  1339→## Browser support
  1341→The latest version of Chrome, Firefox, and Safari.
  1342→
  1343→## Node.js support
  1345→Node.js 18 and later.
  1346→
  1347→## Related
  1349→- [fetch-extras](https://github.com/sindresorhus/fetch-extras) - Useful utilities for working with Fetch
  1350→- [ky-hooks-change-case](https://github.com/alice-health/ky-hooks-change-case) - Ky hooks to modify cases on requests and responses of objects
  1351→
  1352→## Maintainers

source/core/Ky.ts
    33→export class Ky {
    34→	static create(input: Input, options: Options): ResponsePromise {
   200→	constructor(input: Input, options: Options = {}) {

source/core/constants.ts
     4→export const supportsRequestStreams = (() => {
    34→export const supportsAbortController = typeof globalThis.AbortController === 'function';
    35→export const supportsAbortSignal = typeof globalThis.AbortSignal === 'function' && typeof globalThis.AbortSignal.any === 'function';
    36→export const supportsResponseStreams = typeof globalThis.ReadableStream === 'function';
    37→export const supportsFormData = typeof globalThis.FormData === 'function';
    39→export const requestMethods = ['get', 'post', 'put', 'patch', 'head', 'delete'] as const;
    46→export const responseTypes = {
    58→export const maxSafeTimeout = 2_147_483_647;
    61→export const usualFormBoundarySize = new TextEncoder().encode('------WebKitFormBoundaryaxpyiPgbbPti10Rw').length;
    63→export const stop = Symbol('stop');
    68→export type ForceRetryOptions = {
    69→	/**
    70→	Custom delay in milliseconds before retrying.
    71→
    72→	If not provided, uses the default retry delay calculation based on `retry.delay` configuration.
    73→
    74→	**Note:** Custom delays bypass jitter and `backoffLimit`. This is intentional, as custom delays often come from server responses (e.g., `Retry-After` headers) and should be respected exactly as specified.
    75→	*/
    76→	delay?: number;
    77→
    78→	/**
    79→	Error code for the retry.
    80→
    81→	This machine-readable identifier will be included in the error message passed to `beforeRetry` hooks, allowing you to distinguish between different types of forced retries.
    82→
    83→	@example
    84→	```
    85→	return ky.retry({code: 'RATE_LIMIT'});
    86→	// Resulting error message: 'Forced retry: RATE_LIMIT'
    87→	```
    88→	*/
    89→	code?: string;
    90→
    91→	/**
    92→	Original error that caused the retry.
    93→
    94→	This allows you to preserve the error chain when forcing a retry based on caught exceptions. The error will be set as the `cause` of the `ForceRetryError`, enabling proper error chain traversal.
    95→
    96→	@example
    97→	```
    98→	try {
    99→		const data = await response.clone().json();
   100→		validateBusinessLogic(data);
   101→	} catch (error) {
   102→		return ky.retry({
   103→			code: 'VALIDATION_FAILED',
   104→			cause: error  // Preserves original error in chain
   105→		});
   106→	}
   107→	```
   108→	*/
   109→	cause?: Error;
   110→
   111→	/**
   112→	Custom request to use for the retry.
   113→
   114→	This allows you to modify or completely replace the request during a forced retry. The custom request becomes the starting point for the retry - `beforeRetry` hooks can still further modify it if needed.
   115→
   116→	**Note:** The custom request's `signal` will be replaced with Ky's managed signal to handle timeouts and user-provided abort signals correctly. If the original request body has been consumed, you must provide a new body or clone the request before consuming.
   117→
   118→	@example
   119→	```
   120→	// Fallback to a different endpoint
   121→	return ky.retry({
   122→		request: new Request('https://backup-api.com/endpoint', {
   123→			method: request.method,
   124→			headers: request.headers,
   125→		}),
   126→		code: 'BACKUP_ENDPOINT'
   127→	});
   128→
   129→	// Retry with refreshed authentication token
   130→	const data = await response.clone().json();
   131→	return ky.retry({
   132→		request: new Request(request, {
   133→			headers: {
   134→				...Object.fromEntries(request.headers),
   135→				'Authorization': `Bearer ${data.newToken}`
   136→			}
   137→		}),
   138→		code: 'TOKEN_REFRESHED'
   139→	});
   140→	```
   141→	*/
   142→	request?: Request;
   143→};
   148→export class RetryMarker {
   149→	constructor(public options?: ForceRetryOptions) {}
   153→Force a retry from an `afterResponse` hook.
   154→
      →…
   235→export const retry = (options?: ForceRetryOptions) => new RetryMarker(options);
   237→export const kyOptionKeys: KyOptionsRegistry = {
   256→export const vendorSpecificOptions = {
   265→export const requestOptionsRegistry = {

source/errors/ForceRetryError.ts
     8→export class ForceRetryError extends Error {
     9→	override name = 'ForceRetryError' as const;
    10→	customDelay: number | undefined;
    11→	code: string | undefined;
    12→	customRequest: Request | undefined;
    13→
    14→	constructor(options?: ForceRetryOptions) {

source/errors/HTTPError.ts
     5→export class HTTPError<T = unknown> extends Error {
     6→	public response: KyResponse<T>;
     7→	public request: KyRequest;
     8→	public options: NormalizedOptions;
     9→
    10→	constructor(response: Response, request: Request, options: NormalizedOptions) {

source/errors/NonError.ts
     6→export class NonError extends Error {
     7→	override name = 'NonError';
     8→	readonly value: unknown;
     9→
    10→	constructor(value: unknown) {

source/errors/TimeoutError.ts
     3→export class TimeoutError extends Error {
     4→	public request: KyRequest;
     5→
     6→	constructor(request: Request) {

source/index.ts
    10→const createInstance …
    34→const ky …

source/types/ResponsePromise.ts
     6→export type ResponsePromise …

source/types/common.ts
     2→export type Primitive …
     4→export type Required …
     6→export type LiteralUnion …

source/types/hooks.ts
     5→export type BeforeRequestState …
    14→export type BeforeRequestHook …
    20→export type BeforeRetryState …
    30→export type BeforeRetryHook …
    32→export type AfterResponseState …
    41→export type AfterResponseHook …
    48→export type BeforeErrorState …
    57→export type BeforeErrorHook …
    59→export type Hooks …

source/types/ky.ts
     5→export type KyInstance …

source/types/options.ts
     6→export type SearchParamsInit …
     9→export type SearchParamsOption …
    11→export type RequestHttpMethod …
    12→export type HttpMethod …
    14→export type Input …
    16→export type Progress …
    27→export type KyHeadersInit …
    33→export type KyOptions = {
    34→	/**
    35→	Shortcut for sending JSON. Use this instead of the `body` option.
    36→
    37→	Accepts any plain object or value, which will be `JSON.stringify()`'d and sent in the body with the correct header set.
    38→	*/
    39→	json?: unknown;
    40→
    41→	/**
    42→	User-defined JSON-parsing function.
    43→
    44→	Use-cases:
    45→	1. Parse JSON via the [`bourne` package](https://github.com/hapijs/bourne) to protect from prototype pollution.
    46→	2. Parse JSON with [`reviver` option of `JSON.parse()`](https://developer.mozilla.org/en-US/docs/Web/JavaScript/Reference/Global_Objects/JSON/parse).
    47→
    48→	@default JSON.parse()
    49→
    50→	@example
    51→	```
    52→	import ky from 'ky';
    53→	import bourne from '@hapijs/bourne';
    54→
    55→	const json = await ky('https://example.com', {
    56→		parseJson: text => bourne(text)
    57→	}).json();
    58→	```
    59→	*/
    60→	parseJson?: (text: string) => unknown;
    61→
    62→	/**
    63→	User-defined JSON-stringifying function.
    64→
    65→	Use-cases:
    66→	1. Stringify JSON with a custom `replacer` function.
    67→
    68→	@default JSON.stringify()
    69→
    70→	@example
    71→	```
    72→	import ky from 'ky';
    73→	import {DateTime} from 'luxon';
    74→
    75→	const json = await ky('https://example.com', {
    76→		stringifyJson: data => JSON.stringify(data, (key, value) => {
    77→			if (key.endsWith('_at')) {
    78→				return DateTime.fromISO(value).toSeconds();
    79→			}
    80→
    81→			return value;
    82→		})
    83→	}).json();
    84→	```
    85→	*/
    86→	stringifyJson?: (data: unknown) => string;
    87→
    88→	/**
      →	…
   307→export type KyOptionsRegistry = {[K in keyof KyOptions]-?: true};
   312→export interface Options extends KyOptions, Omit<RequestInit, 'headers'> { // eslint-disable-line @typescript-eslint/consistent-type-definitions -- This must stay an interface so that it can be extended outside of Ky for use in `ky.create`.
   313→	/**
   314→	HTTP method used to make the request.
   315→
   316→	Internally, the standard methods (`GET`, `POST`, `PUT`, `PATCH`, `HEAD` and `DELETE`) are uppercased in order to avoid server errors due to case sensitivity.
   317→	*/
   318→	method?: LiteralUnion<HttpMethod, string>;
   319→
   320→	/**
   321→	HTTP headers used to make the request.
   322→
   323→	You can pass a `Headers` instance or a plain object.
   324→
   325→	You can remove a header with `.extend()` by passing the header with an `undefined` value.
   326→
   327→	@example
   328→	```
   329→	import ky from 'ky';
   330→
   331→	const url = 'https://sindresorhus.com';
   332→
   333→	const original = ky.create({
   334→		headers: {
   335→			rainbow: 'rainbow',
   336→			unicorn: 'unicorn'
   337→		}
   338→	});
   339→
   340→	const extended = original.extend({
   341→		headers: {
   342→			rainbow: undefined
   343→		}
   344→	});
   345→
   346→	const response = await extended(url).json();
   347→
   348→	console.log('rainbow' in response);
   349→	//=> false
   350→
   351→	console.log('unicorn' in response);
   352→	//=> true
   353→	```
   354→	*/
   355→	headers?: KyHeadersInit;
   356→}
   358→export type InternalOptions …
   373→export interface NormalizedOptions extends RequestInit { // eslint-disable-line @typescript-eslint/consistent-type-definitions -- This must stay an interface so that it can be extended outside of Ky for use in `ky.create`.
   374→	// Extended from `RequestInit`, but ensured to be set (not optional).
   375→	method: NonNullable<RequestInit['method']>;
   376→	credentials?: NonNullable<RequestInit['credentials']>;
   377→
   378→	// Extended from custom `KyOptions`, but ensured to be set (not optional).
   379→	retry: RetryOptions;
   380→	prefixUrl: string;
   381→	onDownloadProgress: Options['onDownloadProgress'];
   382→	onUploadProgress: Options['onUploadProgress'];
   383→	context: Record<string, unknown>;
   384→}

source/types/request.ts
     1→export type KyRequest …

source/types/response.ts
     1→export type KyResponse …

source/types/retry.ts
     3→export type ShouldRetryState …
    15→export type RetryOptions …

source/utils/body.ts
     5→export const getBodySize …
    90→export const streamResponse …
   119→export const streamRequest …

source/utils/delay.ts
     5→export type DelayOptions = {
     6→	signal?: InternalOptions['signal'];
     7→};
     9→export default async function delay …

source/utils/is.ts
     2→export const isObject …

source/utils/merge.ts
     6→export const validateAndMerge …
    16→export const mergeHeaders …
    38→export const mergeHooks …
    86→export const deepMerge …

source/utils/normalize.ts
     5→export const normalizeRequestMethod …
    14→type InternalRetryOptions …
    28→export const normalizeRetryOptions …

source/utils/options.ts
     4→export const findUnknownOptions …
    30→export const hasSearchParameters …

source/utils/timeout.ts
     3→export type TimeoutOptions = {
     4→	timeout: number;
     5→	fetch: typeof fetch;
     6→};
     9→export default async function timeout …

source/utils/type-guards.ts
    27→export function isKyError(error: unknown): error is HTTPError | TimeoutError | ForceRetryError {
    49→export function isHTTPError<T = unknown>(error: unknown): error is HTTPError<T> {
    71→export function isTimeoutError(error: unknown): error is TimeoutError {
    98→export function isForceRetryError(error: unknown): error is ForceRetryError {

source/utils/types.ts
     1→export type Mutable<T> = {
     2→	-readonly[P in keyof T]: T[P]
     3→};
     5→export type ObjectEntries<T> = T extends ArrayLike<infer U>
     6→	? Array<[string, U]>
     7→	: Array<{[K in keyof T]: [K, T[K]]}[keyof T]>;

test/
      →…
