---
source: tests/fixture_baselines.rs
expression: rendered
---
.editorconfig
.github/
.gitignore
.travis.yml
AGENTS.md
AUTHORS
Action.c
Action.h
Affinity.c
Affinity.h
AffinityPanel.c
AffinityPanel.h
AvailableColumnsPanel.c
AvailableColumnsPanel.h
AvailableMetersPanel.c
AvailableMetersPanel.h
BacktraceScreen.c
BacktraceScreen.h
BatteryMeter.c
BatteryMeter.h
CLAUDE.md
CODE_OF_CONDUCT.md
CONTRIBUTING.md
COPYING
CPUMeter.c
CPUMeter.h
CRT.c
CRT.h
CategoriesPanel.c
CategoriesPanel.h
ChangeLog
ColorsPanel.c
ColorsPanel.h
ColumnsPanel.c
ColumnsPanel.h
CommandLine.c
CommandLine.h
CommandScreen.c
CommandScreen.h
DateTimeMeter.c
DateTimeMeter.h
Debug.h
DiskIOMeter.c
DiskIOMeter.h
DisplayOptionsPanel.c
DisplayOptionsPanel.h
DynamicColumn.c
DynamicColumn.h
DynamicMeter.c
DynamicMeter.h
DynamicScreen.c
DynamicScreen.h
EnvScreen.c
EnvScreen.h
FileDescriptorMeter.c
FileDescriptorMeter.h
FunctionBar.c
FunctionBar.h
GPUMeter.c
GPUMeter.h
Hashtable.c
Hashtable.h
    …
       2→#define HEADER_Hashtable
    …
      14→typedef unsigned int ht_key_t;
      15→
      16→typedef void(*Hashtable_PairFunction)(ht_key_t key, void* value, void* userdata);
      17→
      18→typedef struct Hashtable_ Hashtable;
    …
      22→size_t Hashtable_count(const Hashtable* this);
    …
      26→Hashtable* Hashtable_new(size_t size, bool owner);
      27→
      28→void Hashtable_delete(Hashtable* this);
      29→
      30→void Hashtable_clear(Hashtable* this);
      31→
      32→void Hashtable_setSize(Hashtable* this, size_t size);
      33→
      34→void Hashtable_put(Hashtable* this, ht_key_t key, void* value);
      35→
      36→void* Hashtable_remove(Hashtable* this, ht_key_t key);
      37→
      38→void* Hashtable_get(Hashtable* this, ht_key_t key);
      39→
      40→void Hashtable_foreach(Hashtable* this, Hashtable_PairFunction f, void* userData);
    …
Header.c
Header.h
HeaderLayout.h
HeaderOptionsPanel.c
HeaderOptionsPanel.h
History.c
History.h
HostnameMeter.c
HostnameMeter.h
IncSet.c
IncSet.h
InfoScreen.c
InfoScreen.h
LineEditor.c
LineEditor.h
ListItem.c
ListItem.h
LoadAverageMeter.c
LoadAverageMeter.h
Machine.c
Machine.h
    …
       2→#define HEADER_Machine
    …
      35→typedef unsigned long long int memory_t;
      36→#define MEMORY_MAX ULLONG_MAX
      37→
      38→typedef struct Machine_ {
    …
      73→} Machine;
      76→Machine* Machine_new(UsersTable* usersTable, uid_t userId);
      77→
      78→void Machine_init(Machine* this, UsersTable* usersTable, uid_t userId);
      79→
      80→void Machine_delete(Machine* this);
      81→
      82→void Machine_done(Machine* this);
      83→
      84→bool Machine_isCPUonline(const Machine* this, unsigned int id);
      85→
      86→int Machine_getCPUPhysicalCoreID(const Machine* this, unsigned int id);
      87→
      88→int Machine_getCPUThreadIndex(const Machine* this, unsigned int id);
      89→
      90→void Machine_populateTablesFromSettings(Machine* this, Settings* settings, Table* processTable);
      91→
      92→void Machine_setTablesPanel(Machine* this, Panel* panel);
      93→
      94→void Machine_scan(Machine* this);
      95→
      96→void Machine_scanTables(Machine* this);
    …
Macros.h
MainPanel.c
MainPanel.h
Makefile.am
MemoryMeter.c
MemoryMeter.h
MemorySwapMeter.c
MemorySwapMeter.h
Meter.c
Meter.h
MeterMode.h
MetersPanel.c
MetersPanel.h
NEWS
NetworkIOMeter.c
NetworkIOMeter.h
Object.c
Object.h
    …
       2→#define HEADER_Object
    …
      18→struct Object_;
      19→typedef struct Object_ Object;
      20→
      21→typedef void(*Object_Display)(const Object*, RichString*);
      22→typedef int(*Object_Compare)(const void*, const void*);
      23→typedef void(*Object_Delete)(Object*);
      24→
      25→#define Object_getClass(obj_)         ((const Object*)(obj_))->klass
      26→#define Object_setClass(obj_, class_) (((Object*)(obj_))->klass = (const ObjectClass*) (class_))
      27→
      28→#define Object_delete(obj_)           (assert(Object_getClass(obj_)->delete), Object_getClass(obj_)->delete((Object*)(obj_)))
      29→#define Object_displayFn(obj_)        Object_getClass(obj_)->display
      30→#define Object_display(obj_, str_)    (assert(Object_getClass(obj_)->display), Object_getClass(obj_)->display((const Object*)(obj_), str_))
      31→#define Object_compare(obj_, other_)  (assert(Object_getClass(obj_)->compare), Object_getClass(obj_)->compare((const void*)(obj_), other_))
      32→
      33→#define Class(class_)                 ((const ObjectClass*)(&(class_ ## _class)))
      34→
      35→#define AllocThis(class_) (class_*)   xMalloc(sizeof(class_)); Object_setClass(this, Class(class_))
      36→
      37→typedef struct ObjectClass_ {
      38→   const void* const extends;
      39→   const Object_Display display;
      40→   const Object_Delete delete;
      41→   const Object_Compare compare;
      42→} ObjectClass;
      44→struct Object_ {
      45→   const ObjectClass* klass;
      46→};
      48→typedef union {
      49→   int i;
      50→   void* v;
      51→} Arg;
      53→extern const ObjectClass Object_class;
      54→
      55→bool Object_isA(const Object* o, const ObjectClass* klass);
    …
OpenFilesScreen.c
OpenFilesScreen.h
OptionItem.c
OptionItem.h
Panel.c
Panel.h
Process.c
Process.h
    …
       2→#define HEADER_Process
    …
      22→#define PROCESS_FLAG_IO              0x00000001
      23→#define PROCESS_FLAG_CWD             0x00000002
      24→#define PROCESS_FLAG_SCHEDPOL        0x00000004
      25→
      26→#define DEFAULT_HIGHLIGHT_SECS 5
    …
      29→#define PROCESS_NICE_UNKNOWN (-INT_MAX)
      30→
      31→typedef enum Tristate_ {
      32→   TRI_INITIAL = 0,
      33→   TRI_OFF = -1,
      34→   TRI_ON = 1,
      35→} Tristate;
    …
      41→typedef enum ProcessState_ {
    …
      58→struct Machine_;  // IWYU pragma: keep
      59→struct Settings_; // IWYU pragma: keep
    …
      63→typedef struct ProcessCmdlineHighlight_ {
      64→   size_t offset; /* first character to highlight */
      65→   size_t length; /* How many characters to highlight, zero if unused */
      66→   int attr;      /* The attributes used to highlight */
      67→   int flags;     /* Special flags used for selective highlighting, zero for always */
      68→} ProcessCmdlineHighlight;
    …
      74→typedef struct ProcessMergedCommand_ {
    …
      81→typedef struct Process_ {
    …
     201→} Process;
     203→typedef struct ProcessFieldData_ {
    …
     229→#define LAST_PROCESSFIELD LAST_RESERVED_FIELD
     230→typedef int32_t ProcessField;  /* see ReservedField list in RowField.h */
    …
     233→void Process_writeField(const Process* this, RichString* str, ProcessField field);
     234→int Process_compare(const void* v1, const void* v2);
     235→int Process_compareByParent(const Row* r1, const Row* r2);
     236→void Process_delete(Object* cast);
     237→extern const ProcessFieldData Process_fields[LAST_PROCESSFIELD];
     238→#define Process_pidDigits Row_pidDigits
     239→#define Process_uidDigits Row_uidDigits
     240→
     241→typedef Process* (*Process_New)(const struct Machine_*);
    …
ProcessLocksScreen.c
ProcessLocksScreen.h
ProcessTable.c
ProcessTable.h
ProvideCurses.h
    …
       2→#define HEADER_ProvideCurses
    …
ProvideTerm.h
README
README.md
       1→# [![htop logo](htop-logo.png)](https://htop.dev)
    …
      13→## Introduction
      14→
      15→`htop` is a cross-platform interactive process viewer.
    …
RichString.c
RichString.h
Row.c
Row.h
RowField.h
Scheduling.c
Scheduling.h
ScreenManager.c
ScreenManager.h
ScreenTabsPanel.c
ScreenTabsPanel.h
ScreensPanel.c
ScreensPanel.h
Settings.c
Settings.h
SignalsPanel.c
SignalsPanel.h
SwapMeter.c
SwapMeter.h
SysArchMeter.c
SysArchMeter.h
TESTPLAN
Table.c
Table.h
TasksMeter.c
TasksMeter.h
TraceScreen.c
TraceScreen.h
UptimeMeter.c
UptimeMeter.h
UsersTable.c
UsersTable.h
Vector.c
Vector.h
XUtils.c
XUtils.h
autogen.sh
       1→#!/bin/sh
       2→autoreconf --force --install --verbose -Wall
check-pcp-style.sh
configure.ac
darwin/
    DarwinMachine.c
    DarwinMachine.h
    DarwinProcess.c
    DarwinProcess.h
    DarwinProcessTable.c
    DarwinProcessTable.h
    Platform.c
    Platform.h
    PlatformHelpers.c
    PlatformHelpers.h
    ProcessField.h
docs/
    ai-contributions-policy.md
    images/
        screenshot.png
    styleguide.md
    understanding-htop-versions.md
dragonflybsd/
    DragonFlyBSDMachine.c
    DragonFlyBSDMachine.h
    DragonFlyBSDProcess.c
    DragonFlyBSDProcess.h
    DragonFlyBSDProcessTable.c
    DragonFlyBSDProcessTable.h
    Platform.c
    Platform.h
    ProcessField.h
freebsd/
    FreeBSDMachine.c
    FreeBSDMachine.h
    FreeBSDProcess.c
    FreeBSDProcess.h
    FreeBSDProcessTable.c
    FreeBSDProcessTable.h
    Platform.c
    Platform.h
    ProcessField.h
generic/
htop-logo.png
htop.1.in
htop.c
htop.desktop
htop.png
htop.svg
iwyu/
linux/
m4/
    ax_check_compile_flag.m4
netbsd/
    NetBSDMachine.c
    NetBSDMachine.h
    NetBSDProcess.c
    NetBSDProcess.h
    NetBSDProcessTable.c
    NetBSDProcessTable.h
    Platform.c
    Platform.h
    ProcessField.h
    README.md
openbsd/
    OpenBSDMachine.c
    OpenBSDMachine.h
    OpenBSDProcess.c
    OpenBSDProcess.h
    OpenBSDProcessTable.c
    OpenBSDProcessTable.h
    Platform.c
    Platform.h
    ProcessField.h
pcp/
pcp-htop.5.in
pcp-htop.c
scripts/
solaris/
    Platform.c
    Platform.h
    ProcessField.h
    SolarisMachine.c
    SolarisMachine.h
    SolarisProcess.c
    SolarisProcess.h
    SolarisProcessTable.c
    SolarisProcessTable.h
test_spec.lua
unsupported/
    Platform.c
    Platform.h
    ProcessField.h
    UnsupportedMachine.c
    UnsupportedMachine.h
    UnsupportedProcess.c
    UnsupportedProcess.h
    UnsupportedProcessTable.c
    UnsupportedProcessTable.h
zfs/
    ZfsArcMeter.c
    ZfsArcMeter.h
        …
           2→#define HEADER_ZfsArcMeter
        …
          15→void ZfsArcMeter_readStats(Meter* this, const ZfsArcStats* stats);
          16→
          17→extern const MeterClass ZfsArcMeter_class;
        …
    ZfsArcStats.h
        …
           2→#define HEADER_ZfsArcStats
        …
          10→typedef struct ZfsArcStats_ {
        …
    ZfsCompressedArcMeter.c
    ZfsCompressedArcMeter.h
        …
           2→#define HEADER_ZfsCompressedArcMeter
        …
          15→void ZfsCompressedArcMeter_readStats(Meter* this, const ZfsArcStats* stats);
          16→
          17→extern const MeterClass ZfsCompressedArcMeter_class;
        …
