---
source: tests/snapshots.rs
expression: output
---
sample.rs
     3→pub fn process
    10→pub struct Token
    16→pub enum TokenKind
    23→pub trait Visitor
    24→    fn visit_token
    25→    fn visit_all
    33→    fn fmt
    40→    pub fn new
    45→pub type Span
    49→pub static VERSION
    57→pub mod lexer
