---
source: tests/snapshots.rs
expression: output
---
budget: 1000 (987 words)

CHANGELOG.md
     1→# Changelog …
   911→#### Testing for no arguments
   913→If you were previously using code like:
   914→
   915→```js
      →…
CONTRIBUTING.md
     1→# Contributing …
     3→## Issues
     5→New issues are welcome, whether questions or suggestions or reporting bugs.
      →…
    13→## Pull Requests …
Readme.md
     1→# Commander.js
     8→The complete solution for [node.js](http://nodejs.org) command-line interfaces.
     9→
    10→Read this in other languages: English | [简体中文](./Readme_zh-CN.md)
    11→
    12→- [Commander.js](#commanderjs)
    13→  - [Installation](#installation)
    14→  - [Quick Start](#quick-start)
    15→  - [Declaring _program_ variable](#declaring-program-variable)
    16→  - [Options](#options)
    17→    - [Common option types, boolean and value](#common-option-types-boolean-and-value)
    18→    - [Default option value](#default-option-value)
    19→    - [Other option types, negatable boolean and boolean|value](#other-option-types-negatable-boolean-and-booleanvalue)
    20→    - [Required option](#required-option)
    21→    - [Variadic option](#variadic-option)
    22→    - [Version option](#version-option)
    23→    - [More configuration](#more-configuration)
    24→    - [Custom option processing](#custom-option-processing)
    25→  - [Commands](#commands)
    26→    - [Command-arguments](#command-arguments)
    27→      - [More configuration](#more-configuration-1)
    28→      - [Custom argument processing](#custom-argument-processing)
    29→    - [Action handler](#action-handler)
    30→    - [Stand-alone executable (sub)commands](#stand-alone-executable-subcommands)
    31→    - [Life cycle hooks](#life-cycle-hooks)
    32→  - [Automated help](#automated-help)
    33→    - [Custom help](#custom-help)
      →…
    61→## Installation …
    67→## Quick Start …
   147→## Declaring _program_ variable …
   177→## Options …
   523→## Commands …
   613→#### More configuration
   615→There are some additional features available by constructing an `Argument` explicitly for less common cases.
   616→
   617→Example file: [arguments-extra.js](./examples/arguments-extra.js)
   618→
      →…
   625→#### Custom argument processing
   627→You may specify a function to do custom processing of command-arguments (like for option-arguments).
   628→The callback function receives two parameters, the user specified command-argument and the previous value for the argument.
   629→It returns the new value for the argument.
   630→
      →…
   754→## Automated help …
   956→## Custom event listeners …
   966→## Bits and pieces …
   968→### .parse() and .parseAsync()
   970→Call with no parameters to parse `process.argv`. Detects Electron and special node options like `node --eval`. Easy mode!
   971→
   972→Or, call with an array of strings to parse, and optionally where the user arguments start by specifying where the arguments are `from`:
   973→
   974→- `'node'`: default, `argv[0]` is the application and `argv[1]` is the script being run, with user arguments after that
   975→- `'electron'`: `argv[0]` is the application and `argv[1]` varies depending on whether the electron application is packaged
   976→- `'user'`: just user arguments
   977→
   978→For example:
   979→
   980→```js
   981→program.parse(); // parse process.argv and auto-detect electron and special node flags
   982→program.parse(process.argv); // assume argv[0] is app and argv[1] is script
   983→program.parse(['--port', '80'], { from: 'user' }); // just user supplied arguments, nothing special about argv[0]
   984→```
   985→
   986→Use `.parseAsync()` instead of `.parse()` if any of your action handlers are async.
   987→
  1164→## Support …
Readme_zh-CN.md
     1→# Commander.js
     8→完整的 [node.js](http://nodejs.org) 命令行解决方案。
     9→
    10→使用其他语言阅读：[English](./Readme.md) | 简体中文
    11→
      →…
   907→### .parse() 和 .parseAsync()
   909→`.parse`的第一个参数是要解析的字符串数组，也可以省略参数而使用`process.argv`。
   910→
   911→如果参数遵循与 node 不同的约定，可以在第二个参数中传递`from`选项：
   912→
      →…
SECURITY.md
     1→# Security Policy …
docs/deprecated.md
     1→# Deprecated …
   227→## Removed …
   229→### Short option flag longer than a single character
   231→Short option flags like `-ws` were never supported, but the old README did not make this clear. The README now states that short options are a single character.
   232→
   233→- README updated in Commander v3.
   234→- Deprecated from Commander v9.
   235→- Throws an exception in Commander v13. Deprecated and gone!
   236→- Replacement added in Commander v13.1 with support for dual long options, like `--ws, --workspace`.
   237→
docs/help-in-depth.md
     1→# Help in Depth …
    20→## Data Properties …
    34→## Stringify and Style …
   118→## Layout …
docs/options-in-depth.md
     2→# Options in Depth …
    15→## Options taking varying numbers of option-arguments …
    79→#### Alternative: Make `--` part of your syntax …
   104→#### Alternative: Put options last …
   126→#### Alternative: Use options instead of command-arguments …
   148→## Combining short options, and options taking arguments …
docs/parsing-and-hooks.md
     1→# Parsing life cycle and hooks …
docs/release-policy.md
     1→# Release Policy …
docs/terminology.md
     1→# Terminology …
docs/zh-CN/不再推荐使用的功能.md
     1→# 不再推荐使用的功能 …
docs/zh-CN/可变参数的选项.md
     1→# 可变参数的选项 …
docs/zh-CN/术语表.md
     1→# 术语表 …
eslint.config.js
     8→const tsconfigTsFiles …
     9→const tsconfigJsFiles …
jest.config.js
     1→const config …
lib/argument.js
     3→class Argument {
     4→  /**
lib/command.js
    13→class Command extends EventEmitter {
    14→  /**
  1127→  _prepareForParse() {
lib/error.js
     4→class CommanderError extends Error {
     5→  /**
     6→   * Constructs the CommanderError class
    25→class InvalidArgumentError extends CommanderError {
    26→  /**
    27→   * Constructs the InvalidArgumentError class
lib/help.js
    12→class Help {
    13→  constructor() {
   549→  styleUsage(str) {
   563→  styleCommandDescription(str) {
   566→  styleOptionDescription(str) {
   569→  styleSubcommandDescription(str) {
   572→  styleArgumentDescription(str) {
   575→  styleDescriptionText(str) {
   578→  styleOptionTerm(str) {
   581→  styleSubcommandTerm(str) {
   594→  styleArgumentTerm(str) {
   597→  styleOptionText(str) {
   600→  styleArgumentText(str) {
   603→  styleSubcommandText(str) {
   606→  styleCommandText(str) {
lib/option.js
     3→class Option {
     4→  /**
   268→class DualOptions {
   269→  /**
   270→   * @param {Option[]} options
lib/suggestSimilar.js
     1→const maxDistance = 3;
     3→function editDistance(a, b) {
typings/index.d.ts
    12→type LiteralUnion<LiteralType, BaseType extends string | number> =
    13→  | LiteralType
    14→  | (BaseType & Record<never, never>);
    16→export class CommanderError extends Error {
    31→export class InvalidArgumentError extends CommanderError {
    40→export interface ErrorOptions {
    48→export class Argument {
    95→export class Option {
   115→  constructor(flags: string, description?: string);
   210→export class Help {
   218→  constructor();
   226→  prepareContext(contextOptions: {
   227→    error?: boolean;
   228→    helpWidth?: number;
   229→    outputHasColors?: boolean;
   230→  }): void;
   279→  styleCommandDescription(str: string): string;
   280→  styleOptionDescription(str: string): string;
   281→  styleSubcommandDescription(str: string): string;
   282→  styleArgumentDescription(str: string): string;
   286→  styleOptionTerm(str: string): string;
   287→  styleSubcommandTerm(str: string): string;
   288→  styleArgumentTerm(str: string): string;
   340→export type HelpConfiguration = Partial<Help>;
   342→export interface ParseOptions {
   345→export interface HelpContext {
   349→export interface AddHelpTextContext {
   354→export interface OutputConfiguration {
   355→  writeOut?(str: string): void;
   356→  writeErr?(str: string): void;
   357→  outputError?(str: string, write: (str: string) => void): void;
   359→  getOutHelpWidth?(): number;
   360→  getErrHelpWidth?(): number;
   362→  getOutHasColors?(): boolean;
   363→  getErrHasColors?(): boolean;
   364→  stripColor?(str: string): string;
   367→export type AddHelpTextPosition = 'beforeAll' | 'before' | 'after' | 'afterAll';
   368→export type HookEvent = 'preSubcommand' | 'preAction' | 'postAction';
   370→export type OptionValueSource =
   371→  | LiteralUnion<'default' | 'config' | 'env' | 'cli' | 'implied', string>
   372→  | undefined;
   374→export type OptionValues = Record<string, any>;
   376→export class Command {
   384→  constructor(name?: string);
   493→  argument(name: string, description?: string, defaultValue?: unknown): this;
   528→  helpCommand(enable: boolean): this;
   718→  storeOptionsAsProperties(storeAsProperties?: boolean): this;
  1083→  addHelpText(
  1084→    position: AddHelpTextPosition,
  1085→    text: (context: AddHelpTextContext) => string,
  1086→  ): this;
  1094→export interface CommandOptions {
  1100→export interface ExecutableCommandOptions extends CommandOptions {
  1104→export interface ParseOptionsResult {
  1113→export const program: Command;
