---
source: tests/snapshots.rs
expression: output
---
budget: 2000 (1997 tokens)

README.md
     1→Simple Dynamic Strings
    18→How SDS strings work
    55→Advantages and disadvantages of SDS
   119→SDS basics
   143→Creating SDS strings
   195→Obtaining the string length
   224→Destroying strings
   243→Concatenating strings
   310→Formatting strings
   350→Fast number to string operations
   370→Trimming strings and getting ranges
   464→String copying
   509→Quoting strings
   563→Tokenization
   622→Command line oriented tokenization
   658→String joining
   686→Error handling
   696→SDS internals and advanced usage
   761→Shrinking strings
   796→Manual modifications of SDS strings
   820→Sharing SDS strings
   851→Interactions with heap checkers
   860→Zero copy append from syscalls
   882→Embedding SDS into your project
   895→Using a different allocator for SDS
   911→Credits and license

sds.c
    33→#include <stdio.h>
    34→#include <stdlib.h>
    35→#include <string.h>
    36→#include <ctype.h>
    37→#include <assert.h>
    38→#include <limits.h>
    39→#include "sds.h"
    40→#include "sdsalloc.h"
    44→static inline int sdsHdrSize(char type) {
    60→static inline char sdsReqType(size_t string_size) {
    89→sds sdsnewlen …
   149→sds sdsempty …
   154→sds sdsnew …
   160→sds sdsdup …
   165→void sdsfree …
   184→void sdsupdatelen …
   193→void sdsclear …
   204→sds sdsMakeRoomFor …
   256→sds sdsRemoveFreeSpace …
   300→size_t sdsAllocSize …
   307→void *sdsAllocPtr …
   334→void sdsIncrLen …
   380→sds sdsgrowzero …
   398→sds sdscatlen …
   413→sds sdscat …
   421→sds sdscatsds …
   427→sds sdscpylen …
   440→sds sdscpy …
   444→/* Helper for sdscatlonglong() doing the actual number -> string
   445→ * conversion. 's' must point to a string with room for at least
   446→ * SDS_LLSTR_SIZE bytes.
   447→ *
   448→ * The function returns the length of the null-terminated string
   449→ * representation stored at 's'. */
   450→#define SDS_LLSTR_SIZE 21
   451→int sdsll2str(char *s, long long value) {
   452→    char *p, aux;
   453→    unsigned long long v;
      →    …
   494→int sdsull2str …
   526→sds sdsfromlonglong …
   534→sds sdscatvprintf …
   591→sds sdscatprintf …
   616→sds sdscatfmt …
   725→sds sdstrim …
   756→void sdsrange …
   783→void sdstolower …
   790→void sdstoupper …
   807→int sdscmp …
   835→sds *sdssplitlen …
   885→void sdsfreesplitres …
   898→sds sdscatrepr …
   925→int is_hex_digit …
   932→int hex_digit_to_int …
   973→sds *sdssplitargs …
  1092→sds sdsmapchars …
  1108→sds sdsjoin …
  1120→sds sdsjoinsds …
  1136→void *sds_malloc …
  1137→void *sds_realloc(void *ptr, size_t size) { return s_realloc(ptr,size); }
  1138→void sds_free(void *ptr) { s_free(ptr); }
  1141→#include <stdio.h>
  1142→#include "testhelp.h"
  1143→#include "limits.h"
  1145→#define UNUSED(x) (void)(x)
  1146→int sdsTest(void) {
  1147→    {
  1148→        sds x = sdsnew("foo"), y;
      →        …
  1325→int main(void) {
  1326→    return sdsTest();
  1327→}

sds.h
    34→#define __SDS_H
    36→#define SDS_MAX_PREALLOC (1024*1024)
    39→#include <sys/types.h>
    40→#include <stdarg.h>
    41→#include <stdint.h>
    43→typedef char *sds;
    45→/* Note: sdshdr5 is never used, we just access the flags byte directly.
    46→ * However is here to document the layout of type 5 SDS strings. */
    47→struct __attribute__ ((__packed__)) sdshdr5 {
    48→    unsigned char flags; /* 3 lsb of type, and 5 msb of string length */
    49→    char buf[];
    50→};
    51→struct __attribute__ ((__packed__)) sdshdr8 {
    52→    uint8_t len; /* used */
      →    …
    57→struct __attribute__ ((__packed__)) sdshdr16 {
    58→    uint16_t len; /* used */
      →    …
    63→struct __attribute__ ((__packed__)) sdshdr32 {
    64→    uint32_t len; /* used */
      →    …
    69→struct __attribute__ ((__packed__)) sdshdr64 {
    70→    uint64_t len; /* used */
      →    …
    76→#define SDS_TYPE_5  0
    77→#define SDS_TYPE_8  1
    78→#define SDS_TYPE_16 2
    79→#define SDS_TYPE_32 3
    80→#define SDS_TYPE_64 4
    81→#define SDS_TYPE_MASK 7
    82→#define SDS_TYPE_BITS 3
    83→#define SDS_HDR_VAR(T,s) struct sdshdr##T *sh = (void*)((s)-(sizeof(struct sdshdr##T)));
    84→#define SDS_HDR(T,s) ((struct sdshdr##T *)((s)-(sizeof(struct sdshdr##T))))
    85→#define SDS_TYPE_5_LEN(f) ((f)>>SDS_TYPE_BITS)
    87→static inline size_t sdslen(const sds s) {
   104→static inline size_t sdsavail(const sds s) {
   130→static inline void sdssetlen(sds s, size_t newlen) {
   154→static inline void sdsinclen(sds s, size_t inc) {
   180→static inline size_t sdsalloc(const sds s) {
   197→static inline void sdssetalloc(sds s, size_t newlen) {
   255→/* Low level functions exposed to the user API */
   256→sds sdsMakeRoomFor(sds s, size_t addlen);
   262→/* Export the allocator used by SDS to the program using SDS.
   263→ * Sometimes the program SDS is linked to, may use a different set of
   264→ * allocators, but may want to allocate or free things that SDS will
   265→ * respectively free or allocate. */
   266→void *sds_malloc(size_t size);

sdsalloc.h
    33→/* SDS allocator selection.
    34→ *
    35→ * This file is used in order to change the SDS allocator at compile time.
    36→ * Just define the following defines to what you want to use. Also add
    37→ * the include of your alternate allocator if needed (not needed in order
    38→ * to use the default libc allocator). */
    40→#define s_malloc malloc
    41→#define s_realloc realloc
    42→#define s_free free

testhelp.h
    40→#define __TESTHELP_H
    44→#define test_cond(descr,_c) do { \
    45→    __test_num++; printf("%d - %s: ", __test_num, descr); \
      →    …
    48→#define test_report() do { \
    49→    printf("%d tests, %d passed, %d failed\n", __test_num, \
      →    …
