---
source: tests/snapshots.rs
expression: output
---
budget: 1000 (994 tokens)

Cargo.toml
     1→[package …
    14→[features …
    18→[dependencies …
    25→[dev-dependencies …
    32→[package.metadata.docs.rs …

README.md
     1→Anyhow&ensp;¯\\\_(°ペ)\_/¯ …
    21→## Details …
   126→## No-std support …
   144→## Comparison to failure …
   155→## Comparison to thiserror …
   166→#### License …

build.rs

rust-toolchain.toml
     1→[toolchain …

src/backtrace.rs
    53→macro_rules! backtrace_if_absent {
    64→macro_rules! backtrace_if_absent {
    70→#[cfg(all(not(std_backtrace), feature = "backtrace"))]
    71→mod capture {

src/chain.rs
    36→    type Item = &'a (dyn StdError + 'static);

src/context.rs
     7→use crate::nightly::{self, Request};
    12→    pub trait StdError {
   189→    pub trait Sealed {}

src/ensure.rs
    10→pub trait BothDebug …
    25→pub trait NotBothDebug …

src/error.rs
     4→use crate::nightly::{self, Request};
     6→use crate::ptr::Mut;
   705→    type Target = dyn StdError + Send + Sync + 'static;

src/fmt.rs

src/kind.rs
    51→use crate::StdError;
    55→pub struct Adhoc;
    58→pub trait AdhocKind …
    77→pub struct Trait;
    80→pub trait TraitKind …
   100→pub struct Boxed …
   104→pub trait BoxedKind …

src/lib.rs
   251→#[macro_use]
   252→mod backtrace;
   260→#[cfg(error_generic_member_access)]
   261→mod nightly;
   286→pub use anyhow as format_err;
   390→pub struct Error …
   415→pub struct Chain …
   419→/// `Result<T, Error>`
   420→///
   421→/// This is a reasonable return type to use throughout your application but also
   422→/// for `fn main`; if you do, failures will be printed along with any
   423→/// [context][Context] and a backtrace if one was captured.
   424→///
   425→/// `anyhow::Result` may be used with one *or* two type parameters.
   426→///
   427→/// ```rust
   428→/// use anyhow::Result;
   429→///
      →…
   468→pub type Result<T, E = Error> = core::result::Result<T, E>;
   616→pub trait Context …
   655→#[doc(hidden)]
   656→pub mod __private {
   663→    pub use crate::ensure::{BothDebug, NotBothDebug};
   665→    pub use alloc::format;
   667→    pub use core::result::Result::Err;
   669→    pub use core::{concat, format_args, stringify};
   671→    #[doc(hidden)]
   672→    pub mod kind {
   674→        pub use crate::kind::{AdhocKind, TraitKind};
   678→        pub use crate::kind::BoxedKind;
   710→        pub trait Bool …

src/macros.rs
    70→macro_rules! __ensure {

src/nightly.rs
    10→pub use core::error::Request;

src/ptr.rs
     6→pub struct Own …
    64→pub struct Ref …
   125→pub struct Mut …
   181→pub trait CastTo {
   182→    type Target;
   183→}
   186→    type Target = T;

src/wrapper.rs
     8→use crate::nightly::{self, Request};
    11→pub struct MessageError …
    34→pub struct DisplayError …
    58→pub struct BoxedError …

tests/common/mod.rs

tests/crate/test.rs
     3→pub use anyhow::*;

tests/drop/mod.rs
     9→pub struct Flag {
    26→pub struct DetectDrop {

tests/test_context.rs

tests/test_ensure.rs
    43→    type Output = bool;
    78→fn assert_err …

tests/test_ffi.rs

tests/test_source.rs

tests/ui/no-impl.rs
     4→struct Error;
