---
source: tests/snapshots.rs
expression: output
---
budget: 2000 (1962 words)

CHANGELOG.md
     1→# Changelog …
README.md
     5→# Tomli
     7→> A lil' TOML parser
     8→
     9→**Table of Contents** *generated with [mdformat-toc](https://github.com/hukkin/mdformat-toc)*
    10→
    11→<!-- mdformat-toc start --slug=github --maxlevel=6 --minlevel=2 -->
    12→
    13→- [Intro](#intro)
    14→- [Installation](#installation)
    15→- [Usage](#usage)
    16→  - [Parse a TOML string](#parse-a-toml-string)
    17→  - [Parse a TOML file](#parse-a-toml-file)
    18→  - [Handle invalid TOML](#handle-invalid-toml)
    19→  - [Construct `decimal.Decimal`s from TOML floats](#construct-decimaldecimals-from-toml-floats)
    20→  - [Building a `tomli`/`tomllib` compatibility layer](#building-a-tomlitomllib-compatibility-layer)
    21→- [FAQ](#faq)
    22→  - [Why this parser?](#why-this-parser)
    23→  - [Is comment preserving round-trip parsing supported?](#is-comment-preserving-round-trip-parsing-supported)
    24→  - [Is there a `dumps`, `write` or `encode` function?](#is-there-a-dumps-write-or-encode-function)
    25→  - [How do TOML types map into Python types?](#how-do-toml-types-map-into-python-types)
    26→- [Performance](#performance)
    27→  - [Mypyc generated wheel](#mypyc-generated-wheel)
    28→  - [Pure Python](#pure-python)
    29→
    30→<!-- mdformat-toc end -->
    31→
    32→## Intro<a name="intro"></a>
    34→Tomli is a Python library for parsing [TOML](https://toml.io).
    35→Version 2.4.0 and later are compatible with [TOML v1.1.0](https://toml.io/en/v1.1.0).
    36→Older versions are [TOML v1.0.0](https://toml.io/en/v1.0.0) compatible.
    37→
    38→A version of Tomli, the `tomllib` module,
    39→was added to the standard library in Python 3.11
    40→via [PEP 680](https://www.python.org/dev/peps/pep-0680/).
    41→Tomli continues to provide a backport on PyPI for Python versions
    42→where the standard library module is not available
    43→and that have not yet reached their end-of-life.
    44→
    45→Tomli uses [mypyc](https://github.com/mypyc/mypyc)
      →…
    50→## Installation<a name="installation"></a>
    52→```bash
    53→pip install tomli
    54→```
    55→
    56→## Usage<a name="usage"></a>
    58→### Parse a TOML string<a name="parse-a-toml-string"></a>
    60→```python
      →…
    79→### Parse a TOML file<a name="parse-a-toml-file"></a>
    81→```python
      →…
    92→### Handle invalid TOML<a name="handle-invalid-toml"></a>
    94→```python
      →…
   106→### Construct `decimal.Decimal`s from TOML floats<a name="construct-decimaldecimals-from-toml-floats"></a>
   108→```python
      →…
   123→### Building a `tomli`/`tomllib` compatibility layer<a name="building-a-tomlitomllib-compatibility-layer"></a>
   125→Python versions 3.11+ ship with a version of Tomli:
      →…
   152→## FAQ<a name="faq"></a>
   154→### Why this parser?<a name="why-this-parser"></a>
   156→- it's lil'
      →…
   167→### Is comment preserving round-trip parsing supported?<a name="is-comment-preserving-round-trip-parsing-supported"></a>
   169→No.
      →…
   177→### Is there a `dumps`, `write` or `encode` function?<a name="is-there-a-dumps-write-or-encode-function"></a>
   179→[Tomli-W](https://github.com/hukkin/tomli-w) is the write-only counterpart of Tomli, providing `dump` and `dumps` functions.
      →…
   183→### How do TOML types map into Python types?<a name="how-do-toml-types-map-into-python-types"></a>
   185→| TOML type        | Python type         | Details                                                      |
      →…
   201→## Performance<a name="performance"></a>
   203→The `benchmark/` folder in this repository contains a performance benchmark for comparing the various Python TOML parsers.
   204→
   205→Below are the results for commit [064e492](https://github.com/hukkin/tomli/tree/064e492919b2338def788753b8c981c9131334c0).
   206→
   207→### Mypyc generated wheel<a name="mypyc-generated-wheel"></a>
   209→```console
      →…
   230→### Pure Python<a name="pure-python"></a>
   232→```console
      →…
benchmark/README.md
     1→# Benchmark …
     3→## Acknowledgments
     5→This benchmark was shamelessly copied from
     6→[pytomlpp](https://github.com/bobfang1992/pytomlpp/tree/e6b03726f8347c6a6757f520ad1b5fab68ed8534/benchmark)
     7→repository and edited.
      →…
    10→## Running
    12→### Against the local Tomli state
    14→```bash
    15→tox -e benchmark
    16→```
    17→
    18→### Against the latest Tomli PyPI release
    20→```bash
    21→tox -e benchmark-pypi
    22→```
benchmark/data.toml
    46→[contain …
    50→    [contain.righteous-imperfect-remarkable …
    55→        [contain.righteous-imperfect-remarkable.deeply-night-gold …
    60→[crime …
    70→[license-bat …
    75→[rapid …
    83→    [rapid.clean-leather …
    90→[run-overjoyed …
    95→[inline-tables …
    99→[[dynamic-arrays.products …
   101→    [[dynamic-arrays.products …
   103→[[dynamic-arrays.products …
   105→    [[dynamic-arrays.products …
   107→[[dynamic-arrays.products …
   117→[multiline-strings …
benchmark/run.py
    15→def benchmark(
    16→    name: str,
    17→    run_count: int,
    18→    func: Callable,
    19→    col_width: tuple,
    20→    compare_to: float | None = None,
    21→) -> float:
    37→def run(run_count: int) -> None:
fuzzer/fuzz.py
     1→import atheris
     4→    from math import isnan
     5→    import sys
     6→    import warnings
     8→    import tomli_w
    10→    import tomli
    20→def test_one_input(input_bytes: bytes) -> None:
    21→    # We need a Unicode string, not bytes
    22→    fdp = atheris.FuzzedDataProvider(input_bytes)
    23→    data = fdp.ConsumeUnicode(sys.maxsize)
    24→
    25→    try:
    26→        toml_obj = tomli.loads(data)
    27→    except (tomli.TOMLDecodeError, RecursionError):
    28→        return
    29→    except BaseException:
    30→        print_err(data)
    31→        raise
    32→
    33→    try:
    34→        recovered_data = tomli_w.dumps(toml_obj)
    35→    except RecursionError:
    36→        return
    37→    except BaseException:
    38→        print_err(data)
    39→        raise
    40→
    41→    roundtripped_obj = tomli.loads(recovered_data)
    42→    normalize_toml_obj(roundtripped_obj)
    43→    normalize_toml_obj(toml_obj)
      →…
    53→def print_err(data):
    54→    codepoints = [hex(ord(x)) for x in data]
    55→    sys.stderr.write(f"Input was {type(data)}:\n{data}\nCodepoints:\n{codepoints}\n")
    56→    sys.stderr.flush()
    59→def normalize_toml_obj(toml_obj: dict) -> None:
    60→    """Make NaNs equal when compared (without using recursion)."""
    61→    to_process = [toml_obj]
    62→    while to_process:
    63→        cont = to_process.pop()
    64→        for k, v in cont.items() if isinstance(cont, dict) else enumerate(cont):
    65→            if isinstance(v, float) and isnan(v):
    66→                cont[k] = "nan"
    67→            elif isinstance(v, (dict, list)):
    68→                to_process.append(v)
    71→def main():
    72→    # For possible options, see https://llvm.org/docs/LibFuzzer.html#options
    73→    fuzzer_options = sys.argv
    74→    atheris.Setup(fuzzer_options, test_one_input)
    75→    atheris.Fuzz()
profiler/profiler_script.py
     8→from pathlib import Path
    10→import tomli
pyproject.toml
     1→[build-system …
     5→[project …
    28→[project.urls …
    33→[tool.isort …
    46→[tool.tox …
    51→[tool.tox.env_run_base …
    58→[tool.tox.env."profile" …
    75→[tool.tox.env."pre-commit" …
    83→[tool.tox.env."benchmark" …
    92→[tool.tox.env."benchmark-pypi" …
   105→[tool.tox.env."benchmark-import" …
   111→[tool.tox.env."fuzz" …
   129→[tool.coverage.run …
   133→[tool.coverage.report …
   145→[tool.mypy …
   157→[[tool.mypy.overrides …
   161→[[tool.mypy.overrides …
   167→[[tool.mypy.overrides …
scripts/use_setuptools.py
     6→from pathlib import Path
     7→import tomllib
     9→import tomli_w  # type: ignore[import-not-found]
    12→def use_setuptools() -> None:
    13→    pyproject_path = Path(__file__).parent.parent / "pyproject.toml"
    14→    data = tomllib.loads(pyproject_path.read_bytes().decode())
    15→    data["build-system"] = {
    16→        "requires": ["setuptools>=77.0.3", "mypy[mypyc]>=1.15"],
    17→        "build-backend": "setuptools.build_meta",
    18→    }
    19→    pyproject_path.write_bytes(tomli_w.dumps(data).encode())
setup.py
     1→import os
     3→from setuptools import setup  # type: ignore[import-untyped]
     6→    import glob
     8→    from mypyc.build import mypycify
src/tomli/__init__.py
     1→# SPDX-License-Identifier: MIT
     2→# SPDX-FileCopyrightText: 2021 Taneli Hukkinen
     3→# Licensed to PSF under a Contributor Agreement.
     4→
     5→__all__ = ("loads", "load", "TOMLDecodeError")
     6→__version__ = "2.4.0"  # DO NOT EDIT THIS LINE MANUALLY. LET bump2version UTILITY DO IT
     8→from ._parser import TOMLDecodeError, load, loads
src/tomli/_parser.py
     7→import sys
     8→from types import MappingProxyType
    10→from ._re import (
    11→    RE_DATETIME,
    12→    RE_LOCALTIME,
    13→    RE_NUMBER,
    14→    match_to_datetime,
    15→    match_to_localtime,
    16→    match_to_number,
    17→)
    19→TYPE_CHECKING = False
    21→    from collections.abc import Iterable
    22→    from typing import IO, Any, Final
    24→    from ._types import Key, ParseFloat, Pos
    26→# Inline tables/arrays are implemented using recursion. Pathologically
    27→# nested documents cause pure Python to raise RecursionError (which is OK),
    28→# but mypyc binary wheels will crash unrecoverably (not OK). According to
    29→# mypyc docs this will be fixed in the future:
    30→# https://mypyc.readthedocs.io/en/latest/differences_from_python.html#stack-overflows
    31→# Before mypyc's fix is in, recursion needs to be limited by this library.
    32→# Choosing `sys.getrecursionlimit()` as maximum inline table/array nesting
    33→# level, as it allows more nesting than pure Python, but still seems a far
    34→# lower number than where mypyc binaries crash.
    35→MAX_INLINE_NESTING: Final = sys.getrecursionlimit()
    37→ASCII_CTRL: Final = frozenset(chr(i) for i in range(32)) | frozenset(chr(127))
    39→# Neither of these sets include quotation mark or backslash. They are
    40→# currently handled as separate cases in the parser functions.
    41→ILLEGAL_BASIC_STR_CHARS: Final = ASCII_CTRL - frozenset("\t")
    42→ILLEGAL_MULTILINE_BASIC_STR_CHARS: Final = ASCII_CTRL - frozenset("\t\n")
    44→ILLEGAL_LITERAL_STR_CHARS: Final = ILLEGAL_BASIC_STR_CHARS
    45→ILLEGAL_MULTILINE_LITERAL_STR_CHARS: Final = ILLEGAL_MULTILINE_BASIC_STR_CHARS
    47→ILLEGAL_COMMENT_CHARS: Final = ILLEGAL_BASIC_STR_CHARS
    49→TOML_WS: Final = frozenset(" \t")
    50→TOML_WS_AND_NEWLINE: Final = TOML_WS | frozenset("\n")
    51→BARE_KEY_CHARS: Final = frozenset(
    52→    "abcdefghijklmnopqrstuvwxyz" "ABCDEFGHIJKLMNOPQRSTUVWXYZ" "0123456789" "-_"
    53→)
    54→KEY_INITIAL_CHARS: Final = BARE_KEY_CHARS | frozenset("\"'")
    55→HEXDIGIT_CHARS: Final = frozenset("abcdef" "ABCDEF" "0123456789")
    57→BASIC_STR_ESCAPE_REPLACEMENTS: Final = MappingProxyType(
    58→    {
    59→        "\\b": "\u0008",  # backspace
      →…
    71→class DEPRECATED_DEFAULT:
    72→    """Sentinel to be used as default arg during deprecation
    73→    period of TOMLDecodeError's free-form arguments."""
    76→class TOMLDecodeError(ValueError):
    77→    """An error raised if a document is not valid TOML.
    78→
    79→    Adds the following attributes to ValueError:
    80→    msg: The unformatted error message
    81→    doc: The TOML document being parsed
    82→    pos: The index of doc where parsing failed
    83→    lineno: The line corresponding to pos
    84→    colno: The column corresponding to pos
    85→    """
    86→
    87→    def __init__ …
   137→def load …
   149→def loads …
   220→class Flags:
   221→    """Flags that map to parsed keys/namespaces."""
   222→
   223→    # Marks an immutable namespace (inline array or inline table).
   224→    FROZEN: Final = 0
   225→    # Marks a nest that has been explicitly created and can no longer
   226→    # be opened using the "[table]" syntax.
   227→    EXPLICIT_NEST: Final = 1
   228→
   229→    def __init__ …
   233→    def add_pending …
   236→    def finalize_pending …
   241→    def unset_all …
   249→    def set …
   260→    def is_ …
   278→class NestedDict:
   279→    def __init__ …
   283→    def get_or_create_nest …
   300→    def append_nest_to_list …
   312→class Output:
   313→    def __init__ …
   318→def skip_chars …
   327→def skip_until …
   349→def skip_comment …
   361→def skip_comments_and_array_ws …
   370→def create_dict_rule …
   390→def create_list_rule …
   413→def key_value_rule …
   447→def parse_key_value_pair …
   463→def parse_key …
   481→def parse_key_part …
   497→def parse_one_line_basic_str …
   502→def parse_array …
   528→def parse_inline_table …
   564→def parse_basic_str_escape …
   595→def parse_basic_str_escape_multiline …
   599→def parse_hex_char …
   612→def parse_literal_str …
   621→def parse_multiline_str …
   652→def parse_basic_str …
   684→def parse_value …
   760→def is_unicode_scalar_value …
   764→def make_safe_parse_float …
src/tomli/_re.py
     7→from datetime import date, datetime, time, timedelta, timezone, tzinfo
     8→from functools import lru_cache
     9→import re
    11→TYPE_CHECKING = False
    13→    from typing import Any, Final
    15→    from ._types import ParseFloat
    17→_TIME_RE_STR: Final = r"""
    18→([01][0-9]|2[0-3])             # hours
    19→:([0-5][0-9])                  # minutes
    20→(?:
      →…
    26→RE_NUMBER: Final = re.compile(
    27→    r"""
    28→0
    29→(?:
    30→    x[0-9A-Fa-f](?:_?[0-9A-Fa-f])*   # hex
    31→    |
    32→    b[01](?:_?[01])*                 # bin
    33→    |
    34→    o[0-7](?:_?[0-7])*               # oct
    35→)
    36→|
    37→[+-]?(?:0|[1-9](?:_?[0-9])*)         # dec, integer part
    38→(?P<floatpart>
    39→    (?:\.[0-9](?:_?[0-9])*)?         # optional fractional part
    40→    (?:[eE][+-]?[0-9](?:_?[0-9])*)?  # optional exponent part
    41→)
    42→""",
    43→    flags=re.VERBOSE,
    44→)
    45→RE_LOCALTIME: Final = re.compile(_TIME_RE_STR, flags=re.VERBOSE)
    46→RE_DATETIME: Final = re.compile(
    47→    rf"""
    48→([0-9]{{4}})-(0[1-9]|1[0-2])-(0[1-9]|[12][0-9]|3[01])  # date, e.g. 1988-10-27
    49→(?:
    50→    [Tt ]
    51→    {_TIME_RE_STR}
    52→    (?:([Zz])|([+-])([01][0-9]|2[0-3]):([0-5][0-9]))?  # optional time offset
    53→)?
    54→""",
    55→    flags=re.VERBOSE,
    56→)
    59→def match_to_datetime …
    95→# No need to limit cache size. This is only ever called on input
    96→# that matched RE_DATETIME, so there is an implicit bound of
    97→# 24 (hours) * 60 (minutes) * 2 (offset direction) = 2880.
    98→@lru_cache(maxsize=None)
    99→def cached_tz(hour_str: str, minute_str: str, sign_str: str) -> timezone:
   100→    sign = 1 if sign_str == "+" else -1
   101→    return timezone(
   102→        timedelta(
   103→            hours=sign * int(hour_str),
   104→            minutes=sign * int(minute_str),
   105→        )
   106→    )
   109→def match_to_localtime …
   116→def match_to_number …
src/tomli/_types.py
     5→from typing import Any, Callable, Tuple
tests/__init__.py
     1→# SPDX-License-Identifier: MIT
     2→# SPDX-FileCopyrightText: 2021 Taneli Hukkinen
     3→# Licensed to PSF under a Contributor Agreement.
     4→
     5→__all__ = ("tomllib",)
     9→import tomli as tomllib
tests/burntsushi.py
    68→def _normalize_datetime_str(dt_str: str) -> str:
    92→def _normalize_localtime_str(lt_str: str) -> str:
    96→def _normalize_float_str(float_str: str) -> str:
tests/data/invalid/_external/toml-test/invalid/array/extend-defined-aot.toml
     1→[[tab.arr …
     2→[tab …
tests/data/invalid/_external/toml-test/invalid/array/extending-table.toml
     5→[a.c …
tests/data/invalid/_external/toml-test/invalid/array/tables-02.toml
     2→[[fruit …
     5→  [[fruit.variety …
     9→  [fruit.variety …
tests/data/invalid/_external/toml-test/invalid/inline-table/overwrite-02.toml
     3→[a.b …
tests/data/invalid/_external/toml-test/invalid/inline-table/overwrite-04.toml
     3→[[inline-t.nest …
tests/data/invalid/_external/toml-test/invalid/inline-table/overwrite-05.toml
     3→[inline-t.nest …
tests/data/invalid/_external/toml-test/invalid/inline-table/overwrite-09.toml
     1→[tab.nested …
     4→[tab …
tests/data/invalid/_external/toml-test/invalid/key/no-eol-04.toml
     1→[[0000l0 …
tests/data/invalid/_external/toml-test/invalid/key/start-bracket.toml
     1→[a …
     3→[b …
tests/data/invalid/_external/toml-test/invalid/spec-1.1.0/common-46-0.toml
     1→[fruit …
tests/data/invalid/_external/toml-test/invalid/spec-1.1.0/common-46-1.toml
     1→[fruit …
tests/data/invalid/_external/toml-test/invalid/spec-1.1.0/common-49-0.toml
     1→[product …
tests/data/invalid/_external/toml-test/invalid/spec-1.1.0/common-50-0.toml
     1→[product …
tests/data/invalid/array-of-tables/overwrite-array-in-parent.toml
     1→[[parent-table.arr …
     2→[parent-table …
tests/data/invalid/array-of-tables/overwrite-bool-with-aot.toml
     2→[[a …
tests/data/invalid/dotted-keys/extend-defined-aot.toml
     1→[[tab.arr …
     2→[tab …
tests/data/invalid/dotted-keys/extend-defined-table-with-subtable.toml
     1→[a.b.c.d …
     3→[a …
tests/data/invalid/dotted-keys/extend-defined-table.toml
     1→[a.b.c …
     3→[a …
tests/data/invalid/inline-table/override-val-in-table.toml
     1→[tab.nested …
     4→[tab …
tests/data/invalid/inline-table/override-val-with-array.toml
     3→[[inline-t.nest …
tests/data/invalid/inline-table/override-val-with-table.toml
     3→[inline-t.nest …
tests/data/invalid/keys-and-vals/overwrite-with-deep-table.toml
     2→[a.b.c.d …
tests/data/invalid/missing-closing-double-square-bracket.toml
     1→[[closing-bracket.missing …
tests/data/invalid/table/redefine-1.toml
     1→[t1 …
     3→[t1.t2 …
tests/data/invalid/table/redefine-2.toml
     1→[t1 …
     3→[t1.t2.t3 …
tests/data/valid/_external/toml-test/valid/array/array-subtables.toml
tests/data/valid/_external/toml-test/valid/array/nested-double.toml
tests/data/valid/_external/toml-test/valid/array/open-parent-table.toml
tests/data/valid/_external/toml-test/valid/bool/bool.json
     2→    "f": {"type": "bool", "value": "false"},
     3→    "t": {"type": "bool", "value": "true"}
     4→}
tests/data/valid/_external/toml-test/valid/comment/after-literal-no-ws.json
tests/data/valid/_external/toml-test/valid/comment/at-eof.json
tests/data/valid/_external/toml-test/valid/comment/at-eof2.json
tests/data/valid/_external/toml-test/valid/comment/everywhere.json
tests/data/valid/_external/toml-test/valid/comment/tricky.json
tests/data/valid/_external/toml-test/valid/comment/tricky.toml
    18→["hash#tag" …
    27→["#"]]]]# …
tests/data/valid/_external/toml-test/valid/inline-table/key-dotted-03.toml
     1→[tbl …
     4→[tbl.x …
tests/data/valid/_external/toml-test/valid/inline-table/key-dotted-04.toml
     1→[[arr …
     5→[[arr …
tests/data/valid/array/array-subtables.toml
     1→[[arr …
     2→[arr.subtab …
     5→[[arr …
     6→[arr.subtab …
tests/data/valid/array/open-parent-table.json
     2→  "parent-table": {
     6→}
tests/data/valid/array/open-parent-table.toml
     1→[[parent-table.arr …
     2→[[parent-table.arr …
     3→[parent-table …
tests/data/valid/boolean.json
     2→  "a": {"type":"bool","value":"true"},
     3→  "b": {"type":"bool","value":"false"}
     4→}
tests/data/valid/dates-and-times/datetimes.json
     2→  "local-dt": {"type":"datetime-local","value":"1988-10-27t01:01:01"},
     3→  "local-dt-no-seconds": {"type":"datetime-local","value":"2025-04-18t20:05:00"},
     4→  "zulu-dt": {"type":"datetime","value":"1988-10-27t01:01:01z"}
     5→}
tests/data/valid/dates-and-times/localtime.json
     3→"t2":
     4→  {"type":"time-local","value":"00:00:00"}}
tests/data/valid/five-quotes.json
     2→  "five-quotes": {"type":"string","value":"Closing with five quotes\n\"\""},
     3→  "four-quotes": {"type":"string","value":"Closing with four quotes\n\""}
     4→}
tests/data/valid/hex-char.json
     2→  "a": {"type":"string","value":"a"},
     3→  "b": {"type":"string","value":"b"},
     4→  "c": {"type":"string","value":"c"}
     5→}
tests/data/valid/inline-table/multiline-inline-table.json
     2→  "multiline": {
    35→}
tests/data/valid/multiline-basic-str/replacements.json
     2→  "escape": {"type":"string","value":"\u001B"},
     3→  "tab": {"type":"string","value":"\t"},
     4→  "upper-j": {"type":"string","value":"J"},
     5→  "upper-j-2": {"type":"string","value":"J"}
     6→}
tests/test_data.py
     5→import json
     9→from . import burntsushi, tomllib
    11→DATA_DIR = Path(__file__).parent / "data"
    13→VALID_FILES = tuple((DATA_DIR / "valid").glob("**/*.toml"))
    21→VALID_FILES_EXPECTED = tuple(_expected_files)
    23→INVALID_FILES = tuple((DATA_DIR / "invalid").glob("**/*.toml"))
    27→class TestData(unittest.TestCase):
tests/test_error.py
    10→from . import tomllib
    13→class TestError(unittest.TestCase):
tests/test_misc.py
     5→import copy
    14→from . import tomllib
    17→class TestMiscellaneous(unittest.TestCase):
tomllib.md
     1→# `tomllib` – Tomli in the standard library
     3→Tomli was added to the Python standard library in Python 3.11.
     4→
     5→Relevant links:
     6→
     7→- Python Issue Tracker: https://bugs.python.org/issue40059
     8→- Tomli issue tracker: https://github.com/hukkin/tomli/issues/141
     9→- Discussion on PyPA "blessing" a TOML parser and/or including one in the standard library: https://discuss.python.org/t/adopting-recommending-a-toml-parser/4068
    10→- Python Enhancement Proposal: https://peps.python.org/pep-0680
    11→- CPython pull request: https://github.com/python/cpython/pull/31498
    12→
    13→## Converting Tomli to tomllib …
    15→### Sync status
    17→`tomllib` in CPython commit https://github.com/python/cpython/commit/deaf509e8fc6e0363bd6f26d52ad42f976ec42f2
    18→matches Tomli commit https://github.com/hukkin/tomli/commit/7e563eed5286b5d46b8290a9f56a86d955b23a9a
    19→
    20→### Steps to convert
    22→- Move everything in `tomli:src/tomli` to `cpython:Lib/tomllib`. Exclude `py.typed`.
    23→
    24→- Remove `__version__ = ...` line from `cpython:Lib/tomllib/__init__.py`
    25→
    26→- Move everything in `tomli:tests` to `cpython:Lib/test/test_tomllib`. Exclude the following test data dirs recursively:
    27→
    28→  - `tomli:tests/data/invalid/_external/`
    29→  - `tomli:tests/data/valid/_external/`
    30→
    31→- Create `cpython:Lib/test/test_tomllib/__main__.py`:
    32→
    33→  ```python
    34→  import unittest
    35→
    36→  from . import load_tests
    37→
    38→
    39→  unittest.main()
    40→  ```
    41→
      →…
