---
source: tests/snapshots.rs
expression: output
---
budget: 2000 (2006 tokens)

argument.js
     3→class Argument {
     5→   * Initialize a new command argument with the given name and description.
     6→   * The default is that the argument is required, and you can explicitly
     7→   * indicate this with <> around the name. Put [] around the name for an optional argument.
     8→   *
     9→   * @param {string} name
    10→   * @param {string} [description]
    13→  constructor(name, description) {
    14→    this.description = description || '';
    15→    this.variadic = false;
    16→    this.parseArg = undefined;
    17→    this.defaultValue = undefined;
    18→    this.defaultValueDescription = undefined;
    19→    this.argChoices = undefined;
    20→
    21→    switch (name[0]) {
    22→      case '<': // e.g. <required>
    23→        this.required = true;
      →        …
    43→   * Return argument name.
    44→   *
    45→   * @return {string}
    48→  name() {
    49→    return this._name;
    50→  }
    53→   * @package
    56→  _collectValue(value, previous) {
    66→   * Set the default value, and optionally supply the description to be displayed in the help.
    67→   *
    68→   * @param {*} value
    69→   * @param {string} [description]
    70→   * @return {Argument}
    73→  default(value, description) {
    74→    this.defaultValue = value;
    75→    this.defaultValueDescription = description;
    76→    return this;
    77→  }
    80→   * Set the custom handler for processing CLI command arguments into argument values.
    81→   *
    82→   * @param {Function} [fn]
    83→   * @return {Argument}
    86→  argParser(fn) {
    87→    this.parseArg = fn;
    88→    return this;
    89→  }
    92→   * Only allow argument value to be one of choices.
    93→   *
    94→   * @param {string[]} values
    95→   * @return {Argument}
    98→  choices(values) {
    99→    this.argChoices = values.slice();
   100→    this.parseArg = (arg, previous) => {
   101→      if (!this.argChoices.includes(arg)) {
   102→        throw new InvalidArgumentError(
   103→          `Allowed choices are ${this.argChoices.join(', ')}.`,
   104→        );
   105→      }
   106→      if (this.variadic) {
   107→        return this._collectValue(arg, previous);
   108→      }
      →      …
   115→   * Make argument required.
   116→   *
   117→   * @returns {Argument}
   119→  argRequired() {
   120→    this.required = true;
   121→    return this;
   122→  }
   125→   * Make argument optional.
   126→   *
   127→   * @returns {Argument}
   129→  argOptional() {
   130→    this.required = false;
   131→    return this;
   132→  }
   136→ * Takes an argument and returns its human readable equivalent for help usage.
   137→ *
      → …
   143→function humanReadableArgName(arg) {

command.js
    13→class Command extends EventEmitter {
  1127→  _prepareForParse() {

error.js
     2→ * CommanderError class
     4→class CommanderError extends Error {
     6→   * Constructs the CommanderError class
     7→   * @param {number} exitCode suggested exit code which could be used with process.exit
     8→   * @param {string} code an id string representing the error
     9→   * @param {string} message human-readable description of the error
    11→  constructor(exitCode, code, message) {
    12→    super(message);
    13→    // properly capture stack trace in Node.js
    14→    Error.captureStackTrace(this, this.constructor);
    15→    this.name = this.constructor.name;
    16→    this.code = code;
    17→    this.exitCode = exitCode;
    18→    this.nestedError = undefined;
    19→  }
    23→ * InvalidArgumentError class
    25→class InvalidArgumentError extends CommanderError {
    27→   * Constructs the InvalidArgumentError class
    28→   * @param {string} [message] explanation of why argument is invalid
    30→  constructor(message) {
    31→    super(1, 'commander.invalidArgument', message);
    32→    // properly capture stack trace in Node.js
    33→    Error.captureStackTrace(this, this.constructor);
    34→    this.name = this.constructor.name;
    35→  }

help.js
    12→class Help {
    13→  constructor() {
    29→  prepareContext(contextOptions) {
    40→  visibleCommands(cmd) {
    62→  compareOptions(a, b) {
    79→  visibleOptions(cmd) {
   112→  visibleGlobalOptions(cmd) {
   139→  visibleArguments(cmd) {
   162→  subcommandTerm(cmd) {
   182→  optionTerm(option) {
   193→  argumentTerm(argument) {
   205→  longestSubcommandTermLength(cmd, helper) {
   224→  longestOptionTermLength(cmd, helper) {
   241→  longestGlobalOptionTermLength(cmd, helper) {
   258→  longestArgumentTermLength(cmd, helper) {
   276→  commandUsage(cmd) {
   300→  commandDescription(cmd) {
   313→  subcommandDescription(cmd) {
   325→  optionDescription(option) {
   372→  argumentDescription(argument) {
   403→  formatItemList(heading, items, helper) {
   417→  groupItems(unsortedItems, visibleItems, getGroup) {
   443→  formatHelp(cmd, helper) {
   535→  displayWidth(str) {
   545→  styleTitle(str) {
   549→  styleUsage(str) {
   563→  styleCommandDescription(str) {
   566→  styleOptionDescription(str) {
   569→  styleSubcommandDescription(str) {
   572→  styleArgumentDescription(str) {
   575→  styleDescriptionText(str) {
   578→  styleOptionTerm(str) {
   581→  styleSubcommandTerm(str) {
   594→  styleArgumentTerm(str) {
   597→  styleOptionText(str) {
   600→  styleArgumentText(str) {
   603→  styleSubcommandText(str) {
   606→  styleCommandText(str) {
   618→  padWidth(cmd, helper) {
   633→  preformatted(str) {
   650→  formatItem(term, termWidth, description, helper) {
   695→  boxWrap(str, width) {
   733→ * Strip style ANSI escape sequences from the string. In particular, SGR (Select Graphic Rendition) codes.
   734→ *
      → …
   740→function stripColor(str) {

option.js
     3→class Option {
    11→  constructor(flags, description) {
    47→  default(value, description) {
    65→  preset(arg) {
    82→  conflicts(names) {
   100→  implies(impliedOptionValues) {
   120→  env(name) {
   132→  argParser(fn) {
   144→  makeOptionMandatory(mandatory = true) {
   156→  hideHelp(hide = true) {
   165→  _collectValue(value, previous) {
   181→  choices(values) {
   203→  name() {
   217→  attributeName() {
   230→  helpGroup(heading) {
   243→  is(arg) {
   256→  isBoolean() {
   268→class DualOptions {
   272→  constructor(options) {
   297→  valueFromOption(value, option) {
   316→function camelcase(str) {
   328→function splitOptionFlags(flags) {

suggestSimilar.js
     1→const maxDistance = 3;
     3→function editDistance(a, b) {
    49→ * Find close matches, restricted to same number of edits.
    50→ *
      → …
    56→function suggestSimilar(word, candidates) {
