---
source: tests/snapshots.rs
expression: output
---
budget: 1000 (1003 tokens)

error.ts
     2→ * A `StructFailure` represents a single specific failure in validation.
     5→export type Failure = {
    17→ * `StructError` objects are thrown (or returned) when validation fails.
    18→ *
      → …
    25→export class StructError extends TypeError {
    26→  value: any
    27→  key!: any
    28→  type!: string
    29→  refinement!: string | undefined
    30→  path!: Array<any>
    31→  branch!: Array<any>
    32→  failures: () => Array<Failure>;
    33→  [x: string]: any
    34→
    35→  constructor(failure: Failure, failures: () => Generator<Failure>) {

struct.ts
     1→import { toFailures, shiftIterator, StructSchema, run } from './utils.js'
     2→import { StructError, Failure } from './error.js'
     5→ * `Struct` objects encapsulate the validation logic for a specific type of
     6→ * values. Once constructed, you use the `assert`, `is` or `validate` helpers to
      → …
    10→export class Struct<T = unknown, S = unknown> {
    11→  readonly TYPE!: T
    12→  type: string
    13→  schema: S
    14→  coercer: (value: unknown, context: Context) => unknown
    15→  validator: (value: unknown, context: Context) => Iterable<Failure>
    16→  refiner: (value: T, context: Context) => Iterable<Failure>
    17→  entries: (
    18→    value: unknown,
    19→    context: Context
    20→  ) => Iterable<[string | number, unknown, Struct<any> | Struct<never>]>
    21→
    22→  constructor …
    67→  assert …
    75→  create …
    83→  is …
    93→  mask …
   107→  validate …
   123→export function assert …
   139→export function create …
   157→export function mask …
   175→export function is …
   185→export function validate …
   221→export type Context …
   231→export type Infer …
   237→export type Describe …
   243→export type Result …
   253→export type Coercer …
   259→export type Validator …
   266→export type Refiner …

structs/coercions.ts
    16→export function coerce …
    38→export function defaulted …
    79→export function trimmed …

structs/refinements.ts
     1→import { Struct, Refiner } from '../struct.js'
     2→import { toFailures } from '../utils.js'
     8→export function empty …
    21→function getSize …
    33→export function max …
    55→export function min …
    77→export function nonempty …
    93→export function pattern …
   109→export function size …
   146→export function refine …

structs/types.ts
    33→export function array …
   105→export function enums …
   204→export function literal …
   230→export function map …
   298→export function object …
   415→export function set …

structs/utilities.ts
    60→export function assign(...Structs: Struct<any>[]): any {
    71→export function define …
    80→export function deprecated …
   106→export function dynamic …
   140→export function lazy …
   171→export function omit …
   197→export function partial …
   221→export function pick …
   247→export function struct …

utils.ts
     1→import { Struct, Infer, Result, Context, Describe } from './struct.js'
     2→import { Failure } from './error.js'
     5→ * Check if a value is an iterator.
     8→function isIterable<T>(x: unknown): x is Iterable<T> {
    16→export function isObject …
    24→export function isNonArrayObject …
    32→export function isPlainObject …
    45→export function print …
    58→export function shiftIterator …
    67→export function toFailure …
   328→export type If<B extends Boolean, Then, Else> = B extends true ? Then : Else
   402→type _InferTuple …
