---
source: tests/snapshots.rs
expression: output
---
budget: 2000 (2020 tokens)

ast.rs
     1→use crate::attr::{self, Attrs};
     2→use crate::generics::ParamsInScope;
     3→use crate::unraw::{IdentUnraw, MemberUnraw};
     4→use proc_macro2::Span …
     5→use std::fmt::{self, Display} …
     6→use syn::{ …
    10→pub enum Input<'a> {
    15→pub struct Struct<'a> {
    22→pub struct Enum<'a> {
    29→pub struct Variant<'a> {
    36→pub struct Field<'a> {
    44→#[derive(Copy, Clone)]
    45→pub enum ContainerKind {
    46→    Struct,
    47→    TupleStruct,
    48→    UnitStruct,
    49→    StructVariant,
    50→    TupleVariant,
    51→    UnitVariant,
    52→}
    54→impl<'a> Input<'a> {
    55→    pub fn from_syn(node: &'a DeriveInput) -> Result<Self> {
    67→impl<'a> Struct<'a> {
    85→impl<'a> Enum<'a> {
   118→impl<'a> Variant<'a> {
   130→impl<'a> Field<'a> {
   156→impl ContainerKind {
   174→impl Display for ContainerKind {
   175→    fn fmt(&self, formatter: &mut fmt::Formatter) -> fmt::Result {

attr.rs
    11→pub struct Attrs<'a> {
    12→    pub display: Option<Display<'a>>,
    13→    pub source: Option<Source<'a>>,
      →    …
    21→pub struct Display<'a> {
    22→    pub original: &'a Attribute,
      →    …
    33→pub struct Source<'a> {
    34→    pub original: &'a Attribute,
      →    …
    39→pub struct From<'a> {
    40→    pub original: &'a Attribute,
      →    …
    45→pub struct Transparent<'a> {
    46→    pub original: &'a Attribute,
      →    …
    51→pub struct Fmt<'a> {
    52→    pub original: &'a Attribute,
      →    …
    57→pub enum Trait {
    58→    Debug,
      →    …
    69→pub fn get(input: &[Attribute]) -> Result<Attrs> {
   124→fn parse_error_attribute …
   196→fn parse_token_expr …
   302→impl ToTokens for Display<'_> {
   303→    fn to_tokens(&self, tokens: &mut TokenStream) {
   342→impl ToTokens for Trait {
   343→    fn to_tokens(&self, tokens: &mut TokenStream) {

expand.rs
     1→use crate::ast::{Enum, Field, Input, Struct};
     2→use crate::attr::Trait;
     3→use crate::fallback;
     4→use crate::generics::InferredBounds;
     5→use crate::private;
     6→use crate::unraw::MemberUnraw;
    12→pub fn derive(input: &DeriveInput) -> TokenStream {
    13→    match try_expand(input) {
      →    …

fallback.rs
     1→use crate::expand::call_site_ident;
     2→use crate::private;
     3→use proc_macro2::TokenStream;
     4→use quote::quote;
     5→use syn::DeriveInput;
     7→pub(crate) fn expand …

fmt.rs
     1→use crate::ast::{ContainerKind, Field};
     2→use crate::attr::{Display, Trait};
     3→use crate::private;
     4→use crate::scan_expr::scan_expr;
     5→use crate::unraw::{IdentUnraw, MemberUnraw};
    15→impl Display<'_> {
    16→    pub fn expand_shorthand(&mut self, fields: &[Field], container: ContainerKind) -> Result<()> {
    17→        let raw_args = self.args.clone();
    18→        let FmtArguments {
      →        …
   166→struct FmtArguments {
   172→fn explicit_named_args(input: ParseStream) -> Result<FmtArguments> {

generics.rs
     8→pub struct ParamsInScope<'a> {
     9→    names: Set<&'a Ident>,
    10→}
    12→impl<'a> ParamsInScope<'a> {
    13→    pub fn new(generics: &'a Generics) -> Self {
    19→    pub fn intersects(&self, ty: &Type) -> bool {
    26→fn crawl …
    48→pub struct InferredBounds {
    49→    bounds: Map<String, (Set<String>, Punctuated<TokenStream, Token![+]>)>,
    50→    order: Vec<TokenStream>,
    51→}
    53→impl InferredBounds {
    54→    pub fn new() -> Self {
    61→    pub fn insert(&mut self, ty: impl ToTokens, bound: impl ToTokens) {
    74→    pub fn augment_where_clause(&self, generics: &Generics) -> WhereClause {

lib.rs
    23→mod ast;
    24→mod attr;
    25→mod expand;
    26→mod fallback;
    27→mod fmt;
    28→mod generics;
    29→mod prop;
    30→mod scan_expr;
    31→mod unraw;
    32→mod valid;
    39→#[proc_macro_derive(Error, attributes(backtrace, error, from, source))]
    40→pub fn derive_error(input: TokenStream) -> TokenStream {
    41→    let input = parse_macro_input!(input as DeriveInput);
    42→    expand::derive(&input).into()
    43→}
    46→struct private;
    48→impl ToTokens for private {
    49→    fn to_tokens(&self, tokens: &mut proc_macro2::TokenStream) {
    50→        tokens.append(Ident::new(
      →        …

prop.rs
     1→use crate::ast::{Enum, Field, Struct, Variant};
     2→use crate::unraw::MemberUnraw;
     3→use proc_macro2::Span;
     4→use syn::Type;
     6→impl Struct<'_> {
    25→impl Enum<'_> {
    53→impl Variant<'_> {
    72→impl Field<'_> {

scan_expr.rs
     1→use self::{Action::*, Input::*};
     6→enum Input {
    25→enum Action {
   192→pub(crate) fn scan_expr(input: ParseStream) -> Result<()> {

unraw.rs
    10→#[derive(Clone)]
    11→#[repr(transparent)]
    12→pub struct IdentUnraw(Ident);
    15→    pub fn new(ident: Ident) -> Self {
    19→    pub fn to_local(&self) -> Ident {
    32→    pub fn set_span(&mut self, span: Span) {
    38→    fn fmt(&self, formatter: &mut fmt::Formatter) -> fmt::Result {
    46→    fn eq(&self, other: &Self) -> bool {
    52→    fn eq(&self, other: &str) -> bool {
    58→    fn cmp(&self, other: &Self) -> Ordering {
    64→    fn partial_cmp(&self, other: &Self) -> Option<Ordering> {
    70→    fn parse(input: ParseStream) -> Result<Self> {
    76→    fn to_tokens(&self, tokens: &mut TokenStream) {
    81→#[derive(Clone)]
    82→pub enum MemberUnraw {
    83→    Named(IdentUnraw),
    84→    Unnamed(Index),
    85→}
    88→    pub fn span(&self) -> Span {
    97→    fn fmt(&self, formatter: &mut fmt::Formatter) -> fmt::Result {
   108→    fn eq(&self, other: &Self) -> bool {
   118→    fn eq(&self, other: &str) -> bool {
   127→    fn hash<H: Hasher>(&self, hasher: &mut H) {
   136→    fn to_tokens(&self, tokens: &mut TokenStream) {

valid.rs
     1→use crate::ast::{Enum, Field, Input, Struct, Variant};
     2→use crate::attr::Attrs;
     3→use syn::{Error, GenericArgument, PathArguments, Result, Type};
     5→impl Input<'_> {
    14→impl Struct<'_> {
    45→impl Enum<'_> {
    66→impl Variant<'_> {
    91→impl Field<'_> {
