---
source: tests/snapshots.rs
expression: output
---
budget: 500 (494 words)

CHANGELOG.md
     1→# neverthrow …
     3→## 8.2.0 …
README.md
     1→# NeverThrow 🙅 …
     5→## Description …
    19→## Table Of Contents …
    73→## Installation …
    79→## Recommended: Use `eslint-plugin-neverthrow` …
   100→## Top-Level API …
   139→## API Documentation …
   141→### Synchronous API (`Result`) …
   143→#### `ok`
   145→Constructs an `Ok` variant of `Result`
   146→
   147→**Signature:**
   148→
   149→```typescript
      →…
   863→### Asynchronous API (`ResultAsync`) …
   865→#### `okAsync`
   867→Constructs an `Ok` variant of `ResultAsync`
   868→
   869→**Signature:**
   870→
   871→```typescript
      →…
  1519→### Utilities …
  1521→#### `fromThrowable`
  1523→Top level export of `Result.fromThrowable`.
  1524→Please find documentation at [Result.fromThrowable](#resultfromthrowable-static-class-method)
  1525→
  1526→[⬆️  Back to top](#toc)
  1527→
  1633→### Testing …
  1673→## A note on the Package Name …
  1681→### License …
rollup.config.mjs
src/_internals/error.ts
     1→import { Result } from '../result'
     3→export interface ErrorConfig {
     4→  withStackTrace: boolean
     5→}
     7→const defaultErrorConfig: ErrorConfig = {
    11→interface NeverThrowError<T, E> {
    12→  data:
    13→    | {
    14→        type: string
    15→        value: T
    16→      }
      →…
    27→export const createNeverThrowError = <T, E>(
    28→  message: string,
    29→  result: Result<T, E>,
    30→  config: ErrorConfig = defaultErrorConfig,
    31→): NeverThrowError<T, E> => {
src/_internals/utils.ts
     1→import { Result, ok, err } from '../result'
     2→import { ResultAsync } from '../result-async'
     5→export type ExtractOkTypes …
    10→export type ExtractOkAsyncTypes …
    15→export type ExtractErrTypes …
    20→export type ExtractErrAsyncTypes …
    24→export type InferOkTypes …
    25→export type InferErrTypes …
    27→export type InferAsyncOkTypes …
    28→export type InferAsyncErrTypes …
    30→/**
    31→ * Short circuits on the FIRST Err value that we find
    32→ */
    33→export const combineResultList = <T, E>(
    34→  resultList: readonly Result<T, E>[],
    35→): Result<readonly T[], E> => {
    36→  let acc = ok([]) as Result<T[], E>
    37→
      →…
    54→export const combineResultAsyncList = <T, E>(
    61→/**
    62→ * Give a list of all the errors we find
    63→ */
    64→export const combineResultListWithAllErrors = <T, E>(
    65→  resultList: readonly Result<T, E>[],
    66→): Result<readonly T[], E[]> => {
    67→  let acc = ok([]) as Result<T[], E[]>
    68→
      →…
    82→export const combineResultAsyncListWithAllErrors = <T, E>(
src/result-async.ts
    22→export class ResultAsync<T, E> implements PromiseLike<Result<T, E>> {
    23→  private _promise: Promise<Result<T, E>>
    24→
   222→  async *safeUnwrap(): AsyncGenerator<Err<never, E>, T> {
src/result.ts
    14→export namespace Result {
    15→  /**
   134→interface IResult<T, E> {
   135→  /**
   140→  isOk(): this is Ok<T, E>
   147→  isErr(): this is Err<T, E>
   157→  map<A>(f: (t: T) => A): Result<A, E>
   168→  mapErr<U>(f: (e: E) => U): Result<T, U>
   195→  andTee(f: (t: T) => unknown): Result<T, E>
   207→  orTee(f: (t: E) => unknown): Result<T, E>
   244→  asyncAndThen<U, F>(f: (t: T) => ResultAsync<U, F>): ResultAsync<U, E | F>
   253→  asyncMap<U>(f: (t: T) => Promise<U>): ResultAsync<U, E>
   260→  unwrapOr<A>(v: A): T | A
   276→  match<A, B = A>(ok: (t: T) => A, err: (e: E) => B): A | B
   290→  safeUnwrap(): Generator<Err<never, E>, T>
   299→  _unsafeUnwrap(config?: ErrorConfig): T
   309→  _unsafeUnwrapErr(config?: ErrorConfig): E
   312→export class Ok<T, E> implements IResult<T, E> {
   313→  constructor(readonly value: T) {}
   314→
   405→  _unsafeUnwrap(_?: ErrorConfig): T {
   409→  _unsafeUnwrapErr(config?: ErrorConfig): E {
   419→export class Err<T, E> implements IResult<T, E> {
   420→  constructor(readonly error: E) {}
   421→
   505→  _unsafeUnwrap(config?: ErrorConfig): T {
   509→  _unsafeUnwrapErr(_?: ErrorConfig): E {
