---
source: tests/snapshots.rs
expression: output
---
budget: 1000 (1010 tokens)

_internals/error.ts
     1→import { Result } from '../result'
     3→export interface ErrorConfig {
     4→  withStackTrace: boolean
     5→}
     7→const defaultErrorConfig: ErrorConfig = {
    11→interface NeverThrowError<T, E> {
    12→  data:
    13→    | {
    14→        type: string
    15→        value: T
    16→      }
    17→    | {
    18→        type: string
    19→        value: E
      →        …
    27→export const createNeverThrowError = <T, E>(
    28→  message: string,
    29→  result: Result<T, E>,
    30→  config: ErrorConfig = defaultErrorConfig,
    31→): NeverThrowError<T, E> => {

_internals/utils.ts
     1→import { Result, ok, err } from '../result'
     2→import { ResultAsync } from '../result-async'
     5→export type ExtractOkTypes …
    10→export type ExtractOkAsyncTypes …
    15→export type ExtractErrTypes …
    20→export type ExtractErrAsyncTypes …
    24→export type InferOkTypes …
    25→export type InferErrTypes …
    27→export type InferAsyncOkTypes …
    28→export type InferAsyncErrTypes …
    30→/**
    31→ * Short circuits on the FIRST Err value that we find
    32→ */
    33→export const combineResultList = <T, E>(
    34→  resultList: readonly Result<T, E>[],
    35→): Result<readonly T[], E> => {
    36→  let acc = ok([]) as Result<T[], E>
    37→
    38→  for (const result of resultList) {
      →  …
    54→export const combineResultAsyncList = <T, E>(
    61→/**
    62→ * Give a list of all the errors we find
    63→ */
    64→export const combineResultListWithAllErrors = <T, E>(
    65→  resultList: readonly Result<T, E>[],
    66→): Result<readonly T[], E[]> => {
    67→  let acc = ok([]) as Result<T[], E[]>
    68→
    69→  for (const result of resultList) {
      →  …
    82→export const combineResultAsyncListWithAllErrors = <T, E>(

result-async.ts
     1→./result …
    10→import { Err, Ok, Result } from './ …
    11→./_internals/utils …
    22→export class ResultAsync<T, E> implements PromiseLike<Result<T, E>> {
    23→  private _promise: Promise<Result<T, E>>
    24→
   222→  async *safeUnwrap …

result.ts
     1→import { errAsync, ResultAsync } from './ …
     2→import { createNeverThrowError, ErrorConfig } from './_internals/error …
     3→./_internals/utils …
    14→export namespace Result {
    15→  /**
    16→   * Wraps a function with a try catch, creating a new function with the same
    17→   * arguments but returning `Ok` if successful, `Err` if the function throws
    18→   *
   134→interface IResult<T, E> {
   140→  isOk …
   147→  isErr …
   157→  map …
   168→  mapErr …
   195→  andTee …
   207→  orTee …
   244→  asyncAndThen …
   253→  asyncMap …
   260→  unwrapOr …
   276→  match …
   290→  safeUnwrap …
   299→  _unsafeUnwrap …
   309→  _unsafeUnwrapErr …
   312→export class Ok<T, E> implements IResult<T, E> {
   405→  _unsafeUnwrap(_?: ErrorConfig): T {
   409→  _unsafeUnwrapErr(config?: ErrorConfig): E {
   419→export class Err<T, E> implements IResult<T, E> {
   505→  _unsafeUnwrap(config?: ErrorConfig): T {
   509→  _unsafeUnwrapErr(_?: ErrorConfig): E {
