---
source: tests/snapshots.rs
expression: output
---
budget: 2000 (2337 words)

CHANGELOG.md
    13→### Added
    14→
      →…
    25→### Changed
    26→
      →…
    32→### Fixed
    33→
      →…
    47→### Added
    48→
      →…
    65→### Added
    66→
      →…
    71→### Added
    72→
      →…
   162→### Added
   163→
      →…
   179→### Added
   180→
      →…
   236→### Fixed
   237→
      →…
   260→### Fixed
   261→
      →…
   272→### Added
   273→
      →…
   286→### Added
   287→
      →…
   296→### Added
   297→
      →…
   303→### Fixed
   304→
      →…
   315→### Added
   316→
      →…
   329→### Added
   330→
      →…
   345→### Added
   346→
      →…
   360→### Added
   361→
      →…
   367→### Added
   368→
      →…
   407→### Added
   408→
      →…
   418→### Added
   419→
      →…
   433→### Added
   434→
      →…
   441→### Added
   442→
      →…
   524→### Added
   525→
      →…
   537→### Added
   538→
      →…
   557→### Added
   558→
      →…
   683→### Fixed
   684→
      →…
   689→### Added
   690→
      →…
   707→### Added
   708→
      →…
   724→### Added
   725→
      →…
   741→### Added
   742→
      →…
   762→### Added
   763→
      →…
   853→### Fixed
   854→
      →…
   859→### Added
   860→
      →…
   880→### Fixed
   881→
      →…
   886→### Added
   887→
      →…
   911→#### Testing for no arguments
   912→
      →…
   947→### Added
   948→
      →…
  1014→### Fixed
  1015→
      →…
CONTRIBUTING.md
     3→## Issues
     4→
      →…
Readme.md
   968→### .parse() and .parseAsync()
   969→
      →…
Readme_zh-CN.md
   907→### .parse() 和 .parseAsync()
   908→
      →…
docs/deprecated.md
     1→# Deprecated
     2→
      →…
    22→### RegExp .option() parameter
    23→
      →…
    34→### noHelp
    35→
      →…
    44→### Callback to .help() and .outputHelp()
    45→
      →…
    62→### .on('--help')
    63→
      →…
    87→### .on('command:*')
    88→
      →…
    98→### .command('*')
    99→
      →…
   118→### cmd.description(cmdDescription, argDescriptions)
   119→
      →…
   141→### InvalidOptionArgumentError
   142→
      →…
   171→### Import from `commander/esm.mjs`
   172→
      →…
   187→### cmd._args
   188→
      →…
   203→### .addHelpCommand(string|boolean|undefined)
   204→
      →…
   227→## Removed
   228→
   229→### Short option flag longer than a single character
   230→
   231→Short option flags like `-ws` were never supported, but the old README did not make this clear. The README now states that short options are a single character.
   232→
   233→- README updated in Commander v3.
   234→- Deprecated from Commander v9.
   235→- Throws an exception in Commander v13. Deprecated and gone!
   236→- Replacement added in Commander v13.1 with support for dual long options, like `--ws, --workspace`.
   237→
   238→### Default import of global Command object
   239→
      →…
docs/help-in-depth.md
     1→# Help in Depth
     2→
      →…
    20→## Data Properties
    21→
      →…
    34→## Stringify and Style
    35→
      →…
   118→## Layout
   119→
      →…
docs/options-in-depth.md
     2→# Options in Depth
     3→
      →…
    15→## Options taking varying numbers of option-arguments
    16→
      →…
    30→### Parsing ambiguity
    31→
      →…
    79→#### Alternative: Make `--` part of your syntax
    80→
      →…
   104→#### Alternative: Put options last
   105→
      →…
   126→#### Alternative: Use options instead of command-arguments
   127→
      →…
   148→## Combining short options, and options taking arguments
   149→
      →…
   191→### Combining short options as if boolean
   192→
      →…
docs/parsing-and-hooks.md
     1→# Parsing life cycle and hooks
     2→
      →…
docs/release-policy.md
     1→# Release Policy
     2→
      →…
docs/terminology.md
     1→# Terminology
     2→
      →…
docs/zh-CN/不再推荐使用的功能.md
     1→# 不再推荐使用的功能
     2→
      →…
    18→## .option() 方法的正则表达式参数
    19→
      →…
    30→## noHelp
    31→
      →…
    40→## 默认导入的全局 Command 对象
    41→
      →…
    61→## .help() 与 .outputHelp() 的回调函数参数
    62→
      →…
    79→## .on('--help')
    80→
      →…
   104→## .on('command:*')
   105→
      →…
   114→## .command('*')
   115→
      →…
   134→## cmd.description(cmdDescription, argDescriptions)
   135→
      →…
   157→## InvalidOptionArgumentError
   158→
      →…
   187→## 短选项标志长于单个字符
   188→
      →…
docs/zh-CN/可变参数的选项.md
     1→# 可变参数的选项
     2→
      →…
    26→## 解析中的歧义
    27→
      →…
    73→### 方案一：让`--`成为语法的一部分
    74→
      →…
    98→### 方案二：把选项放在最后
    99→
      →…
   120→### 方案三：使用选项替代命令参数
   121→
      →…
   142→## 合并短选项和带有参数的选项
   143→
      →…
   183→### 将短选项视作 boolean 类型选项合并
   184→
      →…
docs/zh-CN/术语表.md
     1→# 术语表
     2→
      →…
eslint.config.js
     8→const tsconfigTsFiles = ['**/*.{ts,mts}']; // match "include" in tsconfig.ts.json;
     9→const tsconfigJsFiles = ['*.{js,mjs}', 'lib/**/*.{js,mjs}']; // match "include" in tsconfig.js.json
jest.config.js
     1→const config = {
     2→  testEnvironment: 'node',
     3→  collectCoverage: true,
     4→  transform: {
      →…
lib/argument.js
     3→class Argument {
     4→  /**
    13→  constructor …
    48→  name …
    56→  _collectValue …
    73→  default …
    86→  argParser …
    98→  choices …
   119→  argRequired …
   129→  argOptional …
   135→/**
      →…
   143→function humanReadableArgName(arg) {
lib/command.js
    13→class Command extends EventEmitter {
    14→  /**
    20→  constructor …
    99→  copyInheritedSettings …
   121→  _getCommandAndAncestors …
   155→  command …
   192→  createCommand …
   203→  createHelp …
   215→  configureHelp …
   245→  configureOutput …
   261→  showHelpAfterError …
   273→  showSuggestionAfterError …
   288→  addCommand …
   316→  createArgument …
   336→  argument …
   359→  arguments …
   375→  addArgument …
   409→  helpCommand …
   443→  addHelpCommand …
   463→  _getHelpCommand …
   487→  hook …
   508→  exitOverride …
   533→  _exit …
   556→  action …
   585→  createOption …
   599→  _callParseArg …
   619→  _registerOption …
   644→  _registerCommand …
   670→  addOption …
   741→  _optionEx …
   788→  option …
   805→  requiredOption …
   826→  combineFlagAndOptionalValue …
   837→  allowUnknownOption …
   848→  allowExcessArguments …
   861→  enablePositionalOptions …
   875→  passThroughOptions …
   885→  _checkForBrokenPassThrough …
   905→  storeOptionsAsProperties …
   925→  getOptionValue …
   940→  setOptionValue …
   953→  setOptionValueWithSource …
   971→  getOptionValueSource …
   983→  getOptionValueSourceWithGlobals …
  1001→  _prepareUserArgs …
  1090→  parse …
  1119→  async parseAsync …
  1127→  _prepareForParse() {
  1141→  saveStateBeforeParse …
  1158→  restoreStateBeforeParse …
  1183→  _checkForMissingExecutable …
  1202→  _executeSubCommand …
  1352→  _dispatchSubcommand …
  1380→  _dispatchHelpCommand …
  1403→  _checkNumberOfArguments …
  1428→  _processArguments …
  1481→  _chainOrCall …
  1499→  _chainOrCallHooks …
  1531→  _chainOrCallSubCommandHook …
  1550→  _parseCommand …
  1649→  _findCommand …
  1664→  _findOption …
  1675→  _checkForMissingMandatoryOptions …
  1694→  _checkForConflictingLocalOptions …
  1723→  _checkForConflictingOptions …
  1748→  parseOptions …
  1902→  opts …
  1924→  optsWithGlobals …
  1940→  error …
  1966→  _parseOptionsEnv …
  1996→  _parseOptionsImplied …
  2034→  missingArgument …
  2046→  optionMissingArgument …
  2058→  missingMandatoryOptionValue …
  2070→  _conflictingOption …
  2114→  unknownOption …
  2146→  _excessArguments …
  2162→  unknownCommand …
  2195→  version …
  2218→  description …
  2234→  summary …
  2249→  alias …
  2289→  aliases …
  2304→  usage …
  2331→  name …
  2344→  helpGroup …
  2363→  commandsGroup …
  2382→  optionsGroup …
  2392→  _initOptionGroup …
  2401→  _initCommandGroup …
  2419→  nameFromFilename …
  2437→  executableDir …
  2450→  helpInformation …
  2475→  _getOutputContext …
  2505→  outputHelp …
  2559→  helpOption …
  2592→  _getHelpOption …
  2607→  addHelpOption …
  2621→  help …
  2656→  addHelpText …
  2686→  _outputHelpIfRequested …
  2697→/**
      →…
  2705→function incrementNodeInspectorPort(args) {
  2748→/**
      →…
  2752→function useColor() {
lib/error.js
     1→/**
     2→ * CommanderError class
     3→ */
     4→class CommanderError extends Error {
     5→  /**
     6→   * Constructs the CommanderError class
     7→   * @param {number} exitCode suggested exit code which could be used with process.exit
     8→   * @param {string} code an id string representing the error
     9→   * @param {string} message human-readable description of the error
    10→   */
    11→  constructor(exitCode, code, message) {
    12→    super(message);
    13→    // properly capture stack trace in Node.js
    14→    Error.captureStackTrace(this, this.constructor);
    15→    this.name = this.constructor.name;
    16→    this.code = code;
    17→    this.exitCode = exitCode;
    18→    this.nestedError = undefined;
    19→  }
    20→}
    22→/**
    23→ * InvalidArgumentError class
    24→ */
    25→class InvalidArgumentError extends CommanderError {
    26→  /**
    27→   * Constructs the InvalidArgumentError class
    28→   * @param {string} [message] explanation of why argument is invalid
    29→   */
    30→  constructor(message) {
    31→    super(1, 'commander.invalidArgument', message);
    32→    // properly capture stack trace in Node.js
    33→    Error.captureStackTrace(this, this.constructor);
    34→    this.name = this.constructor.name;
    35→  }
    36→}
lib/help.js
    12→class Help {
    13→  constructor() {
    29→  prepareContext …
    40→  visibleCommands …
    62→  compareOptions …
    79→  visibleOptions …
   112→  visibleGlobalOptions …
   139→  visibleArguments …
   162→  subcommandTerm …
   182→  optionTerm …
   193→  argumentTerm …
   205→  longestSubcommandTermLength …
   224→  longestOptionTermLength …
   241→  longestGlobalOptionTermLength …
   258→  longestArgumentTermLength …
   276→  commandUsage …
   300→  commandDescription …
   313→  subcommandDescription …
   325→  optionDescription …
   372→  argumentDescription …
   403→  formatItemList …
   417→  groupItems …
   443→  formatHelp …
   535→  displayWidth …
   545→  styleTitle …
   549→  styleUsage(str) {
   563→  styleCommandDescription(str) {
   566→  styleOptionDescription(str) {
   569→  styleSubcommandDescription(str) {
   572→  styleArgumentDescription(str) {
   575→  styleDescriptionText(str) {
   578→  styleOptionTerm(str) {
   581→  styleSubcommandTerm(str) {
   594→  styleArgumentTerm(str) {
   597→  styleOptionText(str) {
   600→  styleArgumentText(str) {
   603→  styleSubcommandText(str) {
   606→  styleCommandText(str) {
   618→  padWidth …
   633→  preformatted …
   650→  formatItem …
   695→  boxWrap …
   732→/**
      →…
   740→function stripColor(str) {
lib/option.js
     3→class Option {
     4→  /**
    11→  constructor …
    47→  default …
    65→  preset …
    82→  conflicts …
   100→  implies …
   120→  env …
   132→  argParser …
   144→  makeOptionMandatory …
   156→  hideHelp …
   165→  _collectValue …
   181→  choices …
   203→  name …
   217→  attributeName …
   230→  helpGroup …
   243→  is …
   256→  isBoolean …
   261→/**
   262→ * This class is to make it easier to work with dual options, without changing the existing
   263→ * implementation. We support separate dual options for separate positive and negative options,
   264→ * like `--build` and `--no-build`, which share a single option value. This works nicely for some
      →…
   268→class DualOptions {
   269→  /**
   270→   * @param {Option[]} options
   271→   */
   272→  constructor(options) {
   273→    this.positiveOptions = new Map();
   274→    this.negativeOptions = new Map();
   275→    this.dualOptions = new Set();
   276→    options.forEach((option) => {
   277→      if (option.negate) {
   278→        this.negativeOptions.set(option.attributeName(), option);
   279→      } else {
   280→        this.positiveOptions.set(option.attributeName(), option);
   281→      }
   282→    });
   283→    this.negativeOptions.forEach((value, key) => {
   284→      if (this.positiveOptions.has(key)) {
   285→        this.dualOptions.add(key);
   286→      }
   287→    });
   288→  }
   289→
   290→  /**
   291→   * Did the value come from the option, and not from possible matching dual option?
   292→   *
   293→   * @param {*} value
   294→   * @param {Option} option
   295→   * @returns {boolean}
   296→   */
   297→  valueFromOption(value, option) {
   298→    const optionKey = option.attributeName();
   299→    if (!this.dualOptions.has(optionKey)) return true;
   300→
   301→    // Use the value to deduce if (probably) came from the option.
   302→    const preset = this.negativeOptions.get(optionKey).presetArg;
   303→    const negativeValue = preset !== undefined ? preset : false;
   304→    return option.negate === (negativeValue === value);
   305→  }
   306→}
   308→/**
      →…
   316→function camelcase(str) {
   322→/**
      →…
   328→function splitOptionFlags(flags) {
lib/suggestSimilar.js
     1→const maxDistance = 3;
     3→function editDistance(a, b) {
     4→  // https://en.wikipedia.org/wiki/Damerau–Levenshtein_distance
     5→  // Calculating optimal string alignment distance, no substring is edited more than once.
     6→  // (Simple implementation.)
     7→
      →…
    48→/**
      →…
    56→function suggestSimilar(word, candidates) {
typings/index.d.ts
    12→type LiteralUnion …
    16→export class CommanderError extends Error {
    17→  code: string;
    18→  exitCode: number;
    28→  constructor …
    31→export class InvalidArgumentError extends CommanderError {
    32→  /**
    33→   * Constructs the InvalidArgumentError class
    36→  constructor …
    40→export interface ErrorOptions {
    41→  // optional parameter for error()
    42→  /** an id string representing the error */
      →…
    48→export class Argument {
    49→  description: string;
    50→  required: boolean;
    62→  constructor …
    67→  name …
    72→  default …
    77→  argParser …
    82→  choices …
    87→  argRequired …
    92→  argOptional …
    95→export class Option {
    96→  flags: string;
    97→  description: string;
   115→  constructor(flags: string, description?: string);
   120→  default …
   132→  preset …
   144→  conflicts …
   156→  implies …
   164→  env …
   169→  argParser …
   174→  makeOptionMandatory …
   179→  hideHelp …
   184→  choices …
   189→  name …
   195→  attributeName …
   200→  helpGroup …
   207→  isBoolean …
   210→export class Help {
   211→  /** output helpWidth, long lines are wrapped to fit */
   212→  helpWidth?: number;
   218→  constructor();
   226→  prepareContext(contextOptions: {
   227→    error?: boolean;
   228→    helpWidth?: number;
   229→    outputHasColors?: boolean;
   230→  }): void;
   233→  subcommandTerm …
   235→  subcommandDescription …
   237→  optionTerm …
   239→  optionDescription …
   241→  argumentTerm …
   243→  argumentDescription …
   246→  commandUsage …
   248→  commandDescription …
   251→  visibleCommands …
   253→  visibleOptions …
   255→  visibleGlobalOptions …
   257→  visibleArguments …
   260→  longestSubcommandTermLength …
   262→  longestOptionTermLength …
   264→  longestGlobalOptionTermLength …
   266→  longestArgumentTermLength …
   269→  displayWidth …
   272→  styleTitle …
   275→  styleUsage …
   277→  styleCommandText …
   279→  styleCommandDescription(str: string): string;
   280→  styleOptionDescription(str: string): string;
   281→  styleSubcommandDescription(str: string): string;
   282→  styleArgumentDescription(str: string): string;
   284→  styleDescriptionText …
   286→  styleOptionTerm(str: string): string;
   287→  styleSubcommandTerm(str: string): string;
   288→  styleArgumentTerm(str: string): string;
   291→  styleOptionText …
   293→  styleSubcommandText …
   295→  styleArgumentText …
   298→  padWidth …
   304→  boxWrap …
   307→  preformatted …
   316→  formatItem …
   326→  formatItemList …
   331→  groupItems …
   338→  formatHelp …
   340→export type HelpConfiguration = Partial<Help>;
   342→export interface ParseOptions {
   343→  from: 'node' | 'electron' | 'user';
   344→}
   345→export interface HelpContext {
   346→  // optional parameter for .help() and .outputHelp()
   347→  error: boolean;
      →…
   349→export interface AddHelpTextContext {
   350→  // passed to text function used with .addHelpText()
   351→  error: boolean;
      →…
   354→export interface OutputConfiguration {
   355→  writeOut?(str: string): void;
   356→  writeErr?(str: string): void;
   357→  outputError?(str: string, write: (str: string) => void): void;
   359→  getOutHelpWidth?(): number;
   360→  getErrHelpWidth?(): number;
   362→  getOutHasColors?(): boolean;
   363→  getErrHasColors?(): boolean;
   364→  stripColor?(str: string): string;
   367→export type AddHelpTextPosition = 'beforeAll' | 'before' | 'after' | 'afterAll';
   368→export type HookEvent = 'preSubcommand' | 'preAction' | 'postAction';
   370→export type OptionValueSource =
   371→  | LiteralUnion<'default' | 'config' | 'env' | 'cli' | 'implied', string>
   372→  | undefined;
   374→export type OptionValues = Record<string, any>;
   376→export class Command {
   377→  args: string[];
   378→  processedArgs: any[];
   384→  constructor(name?: string);
   398→  version …
   442→  command …
   454→  createCommand …
   463→  addCommand …
   471→  createArgument …
   493→  argument(name: string, description?: string, defaultValue?: unknown): this;
   500→  addArgument …
   514→  arguments …
   528→  helpCommand(enable: boolean): this;
   537→  addHelpCommand …
   542→  hook …
   553→  exitOverride …
   558→  error …
   564→  createHelp …
   572→  configureHelp …
   592→  configureOutput …
   599→  copyInheritedSettings …
   604→  showHelpAfterError …
   609→  showSuggestionAfterError …
   626→  action …
   660→  option …
   685→  requiredOption …
   699→  createOption …
   706→  addOption …
   718→  storeOptionsAsProperties(storeAsProperties?: boolean): this;
   723→  getOptionValue …
   728→  setOptionValue …
   733→  setOptionValueWithSource …
   742→  getOptionValueSource …
   747→  getOptionValueSourceWithGlobals …
   761→  combineFlagAndOptionalValue …
   768→  allowUnknownOption …
   775→  allowExcessArguments …
   785→  enablePositionalOptions …
   796→  passThroughOptions …
   819→  parse …
   840→  parseAsync …
   851→  saveStateBeforeParse …
   859→  restoreStateBeforeParse …
   873→  parseOptions …
   878→  opts …
   883→  optsWithGlobals …
   897→  description …
   909→  summary …
   922→  alias …
   935→  aliases …
   946→  usage …
   957→  name …
   972→  nameFromFilename …
   990→  executableDir …
  1001→  helpGroup …
  1019→  commandsGroup …
  1037→  optionsGroup …
  1047→  outputHelp …
  1052→  helpInformation …
  1059→  helpOption …
  1065→  addHelpOption …
  1074→  help …
  1083→  addHelpText(
  1084→    position: AddHelpTextPosition,
  1085→    text: (context: AddHelpTextContext) => string,
  1086→  ): this;
  1091→  on …
  1094→export interface CommandOptions {
  1095→  hidden?: boolean;
  1096→  isDefault?: boolean;
      →…
  1100→export interface ExecutableCommandOptions extends CommandOptions {
  1101→  executableFile?: string;
  1102→}
  1104→export interface ParseOptionsResult {
  1105→  operands: string[];
  1106→  unknown: string[];
      →…
  1113→export const program: Command;
typings/index.test-d.ts
     6→const program …
   168→function myParseInt(value: string): number {
   169→  return parseInt(value);
   170→}
   172→function increaseVerbosity(dummyValue: string, previous: number): number {
   173→  return previous + 1;
   174→}
   176→function collect(value: string, previous: string[]): string[] {
   177→  return previous.concat([value]);
   178→}
   180→function commaSeparatedList(value: string): string[] {
   181→  return value.split(',');
   182→}
   378→const opts …
   384→interface MyCheeseOption {
   385→  cheese: string;
   386→}
   387→const myCheeseOption …
   393→const optsWithGlobals …
   399→const myCheeseOptionWithGlobals …
   509→class MyCommand extends commander.Command {
   510→  createCommand(name?: string): MyCommand {
   511→    return new MyCommand(name);
   512→  }
   513→
   514→  myFunction(): void {
   515→    // do nothing.
   516→  }
   517→}
   518→const myProgram …
   571→const helper …
   572→const helperCommand …
   573→const helperOption …
   574→const helperArgument …
   613→  const formattedItems …
   623→  const unsortedOptions …
   624→  const sortedOptions …
   625→  const groupsItemsOptionHeading = (option: commander.Option) =>
   626→    option.helpGroupHeading ?? 'Options:';
   633→  const unsortedCommands …
   634→  const sortedCommands …
   635→  const groupsItemsCommandHeading = (cmd: commander.Command) =>
   636→    cmd.helpGroup() ?? 'Commands:';
   668→const baseOption …
   747→const baseArgument …
